 StringRoutines

 Timestamp is 4672877f (Fri Jun 15 15:35:11 2007)

 Preferred load address is 00400000

 Start         Length     Name                   Class
 0001:00000000 0003b37cH .text                   CODE
 0001:0003b380 00000633H .text$x                 CODE
 0002:00000000 0000418fH .rdata                  DATA
 0002:00004190 000006a4H .rdata$r                DATA
 0002:00004838 00000878H .xdata$x                DATA
 0002:000050b0 00000000H .edata                  DATA
 0003:00000000 00000004H .CRT$XCA                DATA
 0003:00000004 00000060H .CRT$XCU                DATA
 0003:00000064 00000004H .CRT$XCZ                DATA
 0003:00000068 00000004H .CRT$XIA                DATA
 0003:0000006c 0000000cH .CRT$XIC                DATA
 0003:00000078 00000004H .CRT$XIY                DATA
 0003:0000007c 00000004H .CRT$XIZ                DATA
 0003:00000080 00000004H .CRT$XPA                DATA
 0003:00000084 00000004H .CRT$XPX                DATA
 0003:00000088 00000004H .CRT$XPZ                DATA
 0003:0000008c 00000004H .CRT$XTA                DATA
 0003:00000090 00000004H .CRT$XTB                DATA
 0003:00000094 00000004H .CRT$XTZ                DATA
 0003:000000a0 00003568H .data                   DATA
 0003:00003610 0006b068H .bss                    DATA
 0004:00000000 00000014H .idata$2                DATA
 0004:00000014 00000014H .idata$3                DATA
 0004:00000028 0000010cH .idata$4                DATA
 0004:00000134 0000010cH .idata$5                DATA
 0004:00000240 000004baH .idata$6                DATA

  Address         Publics by Value              Rva+Base     Lib:Object

 0001:00000000       _opendir                   00401000 f   dirent.obj
 0001:00000180       _closedir                  00401180 f   dirent.obj
 0001:00000200       _readdir                   00401200 f   dirent.obj
 0001:00000290       _rewinddir                 00401290 f   dirent.obj
 0001:00000510       _main                      00401510 f   StdAfx.obj
 0001:000017f0       ?hebnum@@YAXFQAD@Z         004027f0 f   StdAfx.obj
 0001:00001900       ?hebweek@@YAPADFQAD@Z      00402900 f   StdAfx.obj
 0001:00001990       ?RdHebStrings@@YAFXZ       00402990 f   StdAfx.obj
 0001:00002390       ?LoadParshiotNames@@YAFXZ  00403390 f   StdAfx.obj
 0001:00002d50       ?ParseSedra@@YAXQADF@Z     00403d50 f   StdAfx.obj
 0001:00003260       ?InsertHolidays@@YAXPADFF@Z 00404260 f   StdAfx.obj
 0001:00004dd0       ?hebyear@@YAPADF@Z         00405dd0 f   StdAfx.obj
 0001:00005090       ?WriteTables@@YAXPAU_iobuf@@@Z 00406090 f   StdAfx.obj
 0001:000067b0       ?parseit@@YAXQADPAU_iobuf@@_NF@Z 004077b0 f   StdAfx.obj
 0001:000069a0       ?heb12monthHTML@@YAXPAU_iobuf@@F@Z 004079a0 f   StdAfx.obj
 0001:000083c0       ?timestring@@YAXFFFPAU_iobuf@@@Z 004093c0 f   StdAfx.obj
 0001:00008630       ?heb13monthHTML@@YAXPAU_iobuf@@F@Z 00409630 f   StdAfx.obj
 0001:0000a1b0       ?WriteUserLog@@YAFHFF@Z    0040b1b0 f   StdAfx.obj
 0001:0000a540       ?ErrorHandler@@YAXFF@Z     0040b540 f   StdAfx.obj
 0001:0000a570       ?Caldirectories@@YAFXZ     0040b570 f   StdAfx.obj
 0001:0000aa00       ?calnearsearch@@YAFPAD0@Z  0040ba00 f   StdAfx.obj
 0001:0000b450       ?netzskiy@@YAFPAD0@Z       0040c450 f   StdAfx.obj
 0001:0000bb00       ?SunriseSunset@@YAFFPAU_iobuf@@@Z 0040cb00 f   StdAfx.obj
 0001:0000c070       ?CreateHeaders@@YAFF@Z     0040d070 f   StdAfx.obj
 0001:0000f800       ?ReadHebHeaders@@YAFXZ     00410800 f   StdAfx.obj
 0001:0000fc40       ?CheckInputs@@YAFPAD00@Z   00410c40 f   StdAfx.obj
 0001:0000fe90       ?HebCal@@YAXF@Z            00410e90 f   StdAfx.obj
 0001:000108d0       ?newdate@@YAXFFF@Z         004118d0 f   StdAfx.obj
 0001:00011010       ?lpyrcivil@@YAXXZ          00412010 f   StdAfx.obj
 0001:000110b0       ?engdate@@YAXXZ            004120b0 f   StdAfx.obj
 0001:000116b0       ?dmh@@YAXF@Z               004126b0 f   StdAfx.obj
 0001:000117f0       ?PrintSingleTable@@YAFFFPAU_iobuf@@@Z 004127f0 f   StdAfx.obj
 0001:00011c30       ?EngCalDate@@YAPADFFFPAD@Z 00412c30 f   StdAfx.obj
 0001:000120a0       ?PST_iterate@@YAXPAF00000000FFFFF@Z 004130a0 f   StdAfx.obj
 0001:00012530       ?round@@YAPADNFFQAD@Z      00413530 f   StdAfx.obj
 0001:00012890       ?iswhite@@YAFD@Z           00413890 f   StdAfx.obj
 0001:000128e0       ?find_first_nonwhite_character@@YAFPADF@Z 004138e0 f   StdAfx.obj
 0001:00012970       ?find_last_nonwhite_character@@YAFPADF@Z 00413970 f   StdAfx.obj
 0001:00012a00       ?LTrim@@YAPADPAD@Z         00413a00 f   StdAfx.obj
 0001:00012a60       ?RTrim@@YAPADPAD@Z         00413a60 f   StdAfx.obj
 0001:00012ab0       ?Trim@@YAPADPAD@Z          00413ab0 f   StdAfx.obj
 0001:00012af0       ?Mid@@YAPADPADFFQAD@Z      00413af0 f   StdAfx.obj
 0001:00012be0       ?Mid@@YAPADPADFF@Z         00413be0 f   StdAfx.obj
 0001:00012ca0       ?InStr@@YAHFPAD0@Z         00413ca0 f   StdAfx.obj
 0001:00012dc0       ?InStr@@YAHPAD0@Z          00413dc0 f   StdAfx.obj
 0001:00012ec0       ?Replace@@YAPADPADDD@Z     00413ec0 f   StdAfx.obj
 0001:00012f40       ?LCase@@YAPADPADQAD@Z      00413f40 f   StdAfx.obj
 0001:00012fe0       ?Fix@@YANN@Z               00413fe0 f   StdAfx.obj
 0001:00013040       ?Cint@@YAFN@Z              00414040 f   StdAfx.obj
 0001:000130e0       ?LoadConstants@@YAFXZ      004140e0 f   StdAfx.obj
 0001:00014160       ?DosToIso@@YAPADPAD0@Z     00415160 f   StdAfx.obj
 0001:00014200       ?netzski6@@YAFPADNNNMFF@Z  00415200 f   StdAfx.obj
 0001:00016ec0       ?decl_@@YAFPAN000000000@Z  00417ec0 f   StdAfx.obj
 0001:00017020       ?refwin1_@@YAFPAN0000@Z    00418020 f   StdAfx.obj
 0001:000179c0       ?refsum1_@@YAFPAN0000@Z    004189c0 f   StdAfx.obj
 0001:00018350       ?refract_@@YAFPAN000PAH0011@Z 00419350 f   StdAfx.obj
 0001:000184c0       ?casgeo_@@YAFPAN000@Z      004194c0 f   StdAfx.obj
 0001:00018870       ?WriteHtmlHeader@@YAFPAU_iobuf@@@Z 00419870 f   StdAfx.obj
 0001:000189c0       ?WriteHtmlClosing@@YAFPAU_iobuf@@@Z 004199c0 f   StdAfx.obj
 0001:00018a80       ?id@?$ctype@G@std@@$D      00419a80 f i StdAfx.obj
 0001:00018b00       ?id@?$ctype@G@std@@$E      00419b00 f i StdAfx.obj
 0001:00018b20       __cinit                    00419b20 f   LIBCD:crt0dat.obj
 0001:00018b60       _exit                      00419b60 f   LIBCD:crt0dat.obj
 0001:00018b80       __exit                     00419b80 f   LIBCD:crt0dat.obj
 0001:00018ba0       __cexit                    00419ba0 f   LIBCD:crt0dat.obj
 0001:00018bc0       __c_exit                   00419bc0 f   LIBCD:crt0dat.obj
 0001:00018cf0       _malloc                    00419cf0 f   LIBCD:dbgheap.obj
 0001:00018d20       __malloc_dbg               00419d20 f   LIBCD:dbgheap.obj
 0001:00018d50       __nh_malloc                00419d50 f   LIBCD:dbgheap.obj
 0001:00018d70       __nh_malloc_dbg            00419d70 f   LIBCD:dbgheap.obj
 0001:00018dc0       __heap_alloc               00419dc0 f   LIBCD:dbgheap.obj
 0001:00018de0       __heap_alloc_dbg           00419de0 f   LIBCD:dbgheap.obj
 0001:00019100       _calloc                    0041a100 f   LIBCD:dbgheap.obj
 0001:00019130       __calloc_dbg               0041a130 f   LIBCD:dbgheap.obj
 0001:00019190       _realloc                   0041a190 f   LIBCD:dbgheap.obj
 0001:000191c0       __realloc_dbg              0041a1c0 f   LIBCD:dbgheap.obj
 0001:00019710       __expand                   0041a710 f   LIBCD:dbgheap.obj
 0001:00019740       __expand_dbg               0041a740 f   LIBCD:dbgheap.obj
 0001:00019770       _free                      0041a770 f   LIBCD:dbgheap.obj
 0001:00019790       __free_dbg                 0041a790 f   LIBCD:dbgheap.obj
 0001:00019b80       __msize                    0041ab80 f   LIBCD:dbgheap.obj
 0001:00019ba0       __msize_dbg                0041aba0 f   LIBCD:dbgheap.obj
 0001:00019cf0       __CrtSetBreakAlloc         0041acf0 f   LIBCD:dbgheap.obj
 0001:00019d10       __CrtSetDbgBlockType       0041ad10 f   LIBCD:dbgheap.obj
 0001:00019da0       __CrtSetAllocHook          0041ada0 f   LIBCD:dbgheap.obj
 0001:00019e50       __CrtCheckMemory           0041ae50 f   LIBCD:dbgheap.obj
 0001:0001a1b0       __CrtSetDbgFlag            0041b1b0 f   LIBCD:dbgheap.obj
 0001:0001a1e0       __CrtDoForAllClientObjects 0041b1e0 f   LIBCD:dbgheap.obj
 0001:0001a240       __CrtIsValidPointer        0041b240 f   LIBCD:dbgheap.obj
 0001:0001a290       __CrtIsValidHeapPointer    0041b290 f   LIBCD:dbgheap.obj
 0001:0001a3c0       __CrtIsMemoryBlock         0041b3c0 f   LIBCD:dbgheap.obj
 0001:0001a4a0       __CrtSetDumpClient         0041b4a0 f   LIBCD:dbgheap.obj
 0001:0001a4c0       __CrtMemCheckpoint         0041b4c0 f   LIBCD:dbgheap.obj
 0001:0001a620       __CrtMemDifference         0041b620 f   LIBCD:dbgheap.obj
 0001:0001a750       __CrtMemDumpAllObjectsSince 0041b750 f   LIBCD:dbgheap.obj
 0001:0001ab20       __CrtDumpMemoryLeaks       0041bb20 f   LIBCD:dbgheap.obj
 0001:0001aba0       __CrtMemDumpStatistics     0041bba0 f   LIBCD:dbgheap.obj
 0001:0001ac70       __findfirst                0041bc70 f   LIBCD:findfile.obj
 0001:0001adb0       __findnext                 0041bdb0 f   LIBCD:findfile.obj
 0001:0001aee0       __findclose                0041bee0 f   LIBCD:findfile.obj
 0001:0001af10       ___timet_from_ft           0041bf10 f   LIBCD:findfile.obj
 0001:0001afa0       _strcpy                    0041bfa0 f   LIBCD:strcat.obj
 0001:0001afb0       _strcat                    0041bfb0 f   LIBCD:strcat.obj
 0001:0001b0a0       _strchr                    0041c0a0 f   LIBCD:strchr.obj
 0001:0001b0a6       ___from_strstr_to_strchr   0041c0a6 f   LIBCD:strchr.obj
 0001:0001b160       _strlen                    0041c160 f   LIBCD:strlen.obj
 0001:0001b1e0       __chkesp                   0041c1e0 f   LIBCD:chkesp.obj
 0001:0001b220       __onexit                   0041c220 f   LIBCD:onexit.obj
 0001:0001b2d0       _atexit                    0041c2d0 f   LIBCD:onexit.obj
 0001:0001b2f0       ___onexitinit              0041c2f0 f   LIBCD:onexit.obj
 0001:0001b340       _strstr                    0041c340 f   LIBCD:strstr.obj
 0001:0001b3c0       _strncpy                   0041c3c0 f   LIBCD:strncpy.obj
 0001:0001b4c0       _fgets                     0041c4c0 f   LIBCD:fgets.obj
 0001:0001b5f0       _atof                      0041c5f0 f   LIBCD:atof.obj
 0001:0001b670       _fclose                    0041c670 f   LIBCD:fclose.obj
 0001:0001b750       _fscanf                    0041c750 f   LIBCD:fscanf.obj
 0001:0001b7e0       __fsopen                   0041c7e0 f   LIBCD:fopen.obj
 0001:0001b8d0       _fopen                     0041c8d0 f   LIBCD:fopen.obj
 0001:0001b8f0       _sprintf                   0041c8f0 f   LIBCD:sprintf.obj
 0001:0001b9f0       __fpmath                   0041c9f0 f   LIBCD:fpinit.obj
 0001:0001ba20       __fpclear                  0041ca20 f   LIBCD:fpinit.obj
 0001:0001ba30       __cfltcvt_init             0041ca30 f   LIBCD:fpinit.obj
 0001:0001ba80       ___setfflag                0041ca80 f   LIBCD:fpinit.obj
 0001:0001baa0       _atol                      0041caa0 f   LIBCD:atox.obj
 0001:0001bba0       _atoi                      0041cba0 f   LIBCD:atox.obj
 0001:0001bbc0       __atoi64                   0041cbc0 f   LIBCD:atox.obj
 0001:0001bcec       __ftol                     0041ccec f   LIBCD:ftol.obj
 0001:0001bd20       _fprintf                   0041cd20 f   LIBCD:fprintf.obj
 0001:0001bdd0       __CIsqrt                   0041cdd0 f   LIBCD:sqrt.obj
 0001:0001bde4       _sqrt                      0041cde4 f   LIBCD:sqrt.obj
 0001:0001be90       __CIpow                    0041ce90 f   LIBCD:pow.obj
 0001:0001bea9       _pow                       0041cea9 f   LIBCD:pow.obj
 0001:0001c0b0       __CIcos                    0041d0b0 f   LIBCD:cos.obj
 0001:0001c0c4       _cos                       0041d0c4 f   LIBCD:cos.obj
 0001:0001c160       _strncat                   0041d160 f   LIBCD:strncat.obj
 0001:0001c290       _floor                     0041d290 f   LIBCD:floor.obj
 0001:0001c3d0       _ceil                      0041d3d0 f   LIBCD:ceil.obj
 0001:0001c510       _fabs                      0041d510 f   LIBCD:fabs.obj
 0001:0001c610       __CIacos                   0041d610 f   LIBCD:acos.obj
 0001:0001c624       _acos                      0041d624 f   LIBCD:acos.obj
 0001:0001c6e0       __CIsin                    0041d6e0 f   LIBCD:sin.obj
 0001:0001c6f4       _sin                       0041d6f4 f   LIBCD:sin.obj
 0001:0001c790       _exp                       0041d790 f   LIBCD:87ctran.obj
 0001:0001c79a       __CIexp                    0041d79a f   LIBCD:87ctran.obj
 0001:0001c7b0       __CIlog                    0041d7b0 f   LIBCD:log.obj
 0001:0001c7c4       _log                       0041d7c4 f   LIBCD:log.obj
 0001:0001c880       __CIatan                   0041d880 f   LIBCD:atan.obj
 0001:0001c894       _atan                      0041d894 f   LIBCD:atan.obj
 0001:0001c920       __CItan                    0041d920 f   LIBCD:tan.obj
 0001:0001c934       _tan                       0041d934 f   LIBCD:tan.obj
 0001:0001c9e0       __CIasin                   0041d9e0 f   LIBCD:asin.obj
 0001:0001c9f4       _asin                      0041d9f4 f   LIBCD:asin.obj
 0001:0001cab0       _mainCRTStartup            0041dab0 f   LIBCD:crt0.obj
 0001:0001cbe0       __amsg_exit                0041dbe0 f   LIBCD:crt0.obj
 0001:0001cc40       ?_set_new_handler@@YAP6AHI@ZP6AHI@Z@Z 0041dc40 f   LIBCD:handler.obj
 0001:0001cc60       ?_query_new_handler@@YAP6AHI@ZXZ 0041dc60 f   LIBCD:handler.obj
 0001:0001cc70       __callnewh                 0041dc70 f   LIBCD:handler.obj
 0001:0001cca0       _memset                    0041dca0 f   LIBCD:memset.obj
 0001:0001cd00       __malloc_base              0041dd00 f   LIBCD:malloc.obj
 0001:0001cd20       __nh_malloc_base           0041dd20 f   LIBCD:malloc.obj
 0001:0001cd80       __heap_alloc_base          0041dd80 f   LIBCD:malloc.obj
 0001:0001ce50       __CrtDefaultAllocHook      0041de50 f   LIBCD:dbghook.obj
 0001:0001ce60       __CrtDbgBreak              0041de60 f   LIBCD:dbgrpt.obj
 0001:0001ce70       __CrtSetReportMode         0041de70 f   LIBCD:dbgrpt.obj
 0001:0001ced0       __CrtSetReportFile         0041ded0 f   LIBCD:dbgrpt.obj
 0001:0001cf50       __CrtSetReportHook         0041df50 f   LIBCD:dbgrpt.obj
 0001:0001cf70       __CrtDbgReport             0041df70 f   LIBCD:dbgrpt.obj
 0001:0001d610       __expand_base              0041e610 f   LIBCD:expand.obj
 0001:0001d790       __realloc_base             0041e790 f   LIBCD:realloc.obj
 0001:0001dbb0       __free_base                0041ebb0 f   LIBCD:free.obj
 0001:0001dc80       __heapchk                  0041ec80 f   LIBCD:heapchk.obj
 0001:0001dd10       __heapset                  0041ed10 f   LIBCD:heapchk.obj
 0001:0001dd20       __get_sbh_threshold        0041ed20 f   LIBCD:sbheap.obj
 0001:0001dd50       __set_sbh_threshold        0041ed50 f   LIBCD:sbheap.obj
 0001:0001de60       ___sbh_heap_init           0041ee60 f   LIBCD:sbheap.obj
 0001:0001ded0       ___sbh_find_block          0041eed0 f   LIBCD:sbheap.obj
 0001:0001df30       ___sbh_verify_block        0041ef30 f   LIBCD:sbheap.obj
 0001:0001df90       ___sbh_free_block          0041ef90 f   LIBCD:sbheap.obj
 0001:0001e570       ___sbh_alloc_block         0041f570 f   LIBCD:sbheap.obj
 0001:0001eab0       ___sbh_alloc_new_region    0041fab0 f   LIBCD:sbheap.obj
 0001:0001ebc0       ___sbh_alloc_new_group     0041fbc0 f   LIBCD:sbheap.obj
 0001:0001edb0       ___sbh_resize_block        0041fdb0 f   LIBCD:sbheap.obj
 0001:0001f3a0       ___sbh_heapmin             004203a0 f   LIBCD:sbheap.obj
 0001:0001f4d0       ___sbh_heap_check          004204d0 f   LIBCD:sbheap.obj
 0001:0001faf0       __get_old_sbh_threshold    00420af0 f   LIBCD:sbheap.obj
 0001:0001fb00       __set_old_sbh_threshold    00420b00 f   LIBCD:sbheap.obj
 0001:0001fb30       ___old_sbh_new_region      00420b30 f   LIBCD:sbheap.obj
 0001:0001fd10       ___old_sbh_release_region  00420d10 f   LIBCD:sbheap.obj
 0001:0001fd90       ___old_sbh_decommit_pages  00420d90 f   LIBCD:sbheap.obj
 0001:0001fef0       ___old_sbh_find_block      00420ef0 f   LIBCD:sbheap.obj
 0001:0001ff80       ___old_sbh_free_block      00420f80 f   LIBCD:sbheap.obj
 0001:0001fff0       ___old_sbh_alloc_block     00420ff0 f   LIBCD:sbheap.obj
 0001:000203b0       ___old_sbh_alloc_block_from_page 004213b0 f   LIBCD:sbheap.obj
 0001:00020660       ___old_sbh_resize_block    00421660 f   LIBCD:sbheap.obj
 0001:000207d0       ___old_sbh_heap_check      004217d0 f   LIBCD:sbheap.obj
 0001:00020a10       __GetLinkerVersion         00421a10 f   LIBCD:heapinit.obj
 0001:00020a70       ___heap_select             00421a70 f   LIBCD:heapinit.obj
 0001:00020ca0       __heap_init                00421ca0 f   LIBCD:heapinit.obj
 0001:00020d30       __heap_term                00421d30 f   LIBCD:heapinit.obj
 0001:00020e20       __isctype                  00421e20 f   LIBCD:isctype.obj
 0001:00020ee0       ___loctotime_t             00421ee0 f   LIBCD:dtoxtime.obj
 0001:00020fd0       __filbuf                   00421fd0 f   LIBCD:_filbuf.obj
 0001:000211b0       __fltin                    004221b0 f   LIBCD:cfin.obj
 0001:00021280       __close                    00422280 f   LIBCD:close.obj
 0001:00021370       __freebuf                  00422370 f   LIBCD:_freebuf.obj
 0001:00021410       _fflush                    00422410 f   LIBCD:fflush.obj
 0001:00021470       __flush                    00422470 f   LIBCD:fflush.obj
 0001:00021530       __flushall                 00422530 f   LIBCD:fflush.obj
 0001:00021620       __input                    00422620 f   LIBCD:input.obj
 0001:00022b20       __openfile                 00423b20 f   LIBCD:_open.obj
 0001:00022eb0       __getstream                00423eb0 f   LIBCD:stream.obj
 0001:00022fa0       __flsbuf                   00423fa0 f   LIBCD:_flsbuf.obj
 0001:00023220       __output                   00424220 f   LIBCD:output.obj
 0001:000240c0       __setdefaultprecision      004250c0 f   LIBCD:fp8.obj
 0001:000240e0       __ms_p5_test_fdiv          004250e0 f   LIBCD:testfdiv.obj
 0001:00024140       __ms_p5_mp_test_fdiv       00425140 f   LIBCD:testfdiv.obj
 0001:00024190       __forcdecpt                00425190 f   LIBCD:cvt.obj
 0001:00024240       __cropzeros                00425240 f   LIBCD:cvt.obj
 0001:00024320       __positive                 00425320 f   LIBCD:cvt.obj
 0001:00024350       __fassign                  00425350 f   LIBCD:cvt.obj
 0001:000243a0       __cftoe                    004253a0 f   LIBCD:cvt.obj
 0001:00024560       __cftof                    00425560 f   LIBCD:cvt.obj
 0001:000246f0       __cftog                    004256f0 f   LIBCD:cvt.obj
 0001:00024860       __cfltcvt                  00425860 f   LIBCD:cvt.obj
 0001:000248f0       __allmul                   004258f0 f   LIBCD:llmul.obj
 0001:00024930       __stbuf                    00425930 f   LIBCD:_sftbuf.obj
 0001:00024a90       __ftbuf                    00425a90 f   LIBCD:_sftbuf.obj
 0001:00024b50       __trandisp1                00425b50 f   LIBCD:87disp.obj
 0001:00024bb7       __trandisp2                00425bb7 f   LIBCD:87disp.obj
 0001:00024c43       __rttospopde               00425c43 f   LIBCD:87disp.obj
 0001:00024c48       __rttospop                 00425c48 f   LIBCD:87disp.obj
 0001:00024c4a       __rtnospop                 00425c4a f   LIBCD:87disp.obj
 0001:00024c4c       __rttosnpop                00425c4c f   LIBCD:87disp.obj
 0001:00024c4d       __rtnospopde               00425c4d f   LIBCD:87disp.obj
 0001:00024c54       __rtzeropop                00425c54 f   LIBCD:87disp.obj
 0001:00024c56       __rtzeronpop               00425c56 f   LIBCD:87disp.obj
 0001:00024c5b       __rtonepop                 00425c5b f   LIBCD:87disp.obj
 0001:00024c5d       __rtonenpop                00425c5d f   LIBCD:87disp.obj
 0001:00024c62       __tosnan1                  00425c62 f   LIBCD:87disp.obj
 0001:00024c8d       __nosnan2                  00425c8d f   LIBCD:87disp.obj
 0001:00024c8f       __tosnan2                  00425c8f f   LIBCD:87disp.obj
 0001:00024cb7       __nan2                     00425cb7 f   LIBCD:87disp.obj
 0001:00024cf6       __rtindfpop                00425cf6 f   LIBCD:87disp.obj
 0001:00024cf8       __rtindfnpop               00425cf8 f   LIBCD:87disp.obj
 0001:00024d09       __rttosnpopde              00425d09 f   LIBCD:87disp.obj
 0001:00024d13       __rtchsifneg               00425d13 f   LIBCD:87disp.obj
 0001:00024d20       __startTwoArgErrorHandling 00425d20 f   LIBCD:genexcep.obj
 0001:00024d37       __startOneArgErrorHandling 00425d37 f   LIBCD:genexcep.obj
 0001:00024d80       __twoToTOS                 00425d80 f   LIBCD:common.obj
 0001:00024d95       __load_CW                  00425d95 f   LIBCD:common.obj
 0001:00024dac       __convertTOStoQNaN         00425dac f   LIBCD:common.obj
 0001:00024dc5       __fload_withFB             00425dc5 f   LIBCD:common.obj
 0001:00024e08       __checkTOS_withFB          00425e08 f   LIBCD:common.obj
 0001:00024e1e       __fast_exit                00425e1e f   LIBCD:common.obj
 0001:00024e2b       __math_exit                00425e2b f   LIBCD:common.obj
 0001:00024e55       __check_overflow_exit      00425e55 f   LIBCD:common.obj
 0001:00024e69       __check_range_exit         00425e69 f   LIBCD:common.obj
 0001:00024f21       __fFEXP                    00425f21 f   LIBCD:87tran.obj
 0001:00024f88       __rtinfpopse               00425f88 f   LIBCD:87tran.obj
 0001:00024f8a       __rtinfnpopse              00425f8a f   LIBCD:87tran.obj
 0001:00024f9a       __fFLN                     00425f9a f   LIBCD:87tran.obj
 0001:0002504f       __rtinfpop                 0042604f f   LIBCD:87tran.obj
 0001:00025051       __rtinfnpop                00426051 f   LIBCD:87tran.obj
 0001:0002506e       __ffexpm1                  0042606e f   LIBCD:87tran.obj
 0001:00025120       __powhlp                   00426120 f   LIBCD:powhlp.obj
 0001:00025390       __d_inttype                00426390 f   LIBCD:powhlp.obj
 0001:00025410       __frnd                     00426410 f   LIBCD:frnd.obj
 0001:00025430       __handle_qnan1             00426430 f   LIBCD:fpexcept.obj
 0001:00025490       __handle_qnan2             00426490 f   LIBCD:fpexcept.obj
 0001:00025500       __except1                  00426500 f   LIBCD:fpexcept.obj
 0001:000255c0       __except2                  004265c0 f   LIBCD:fpexcept.obj
 0001:00025690       __raise_exc                00426690 f   LIBCD:fpexcept.obj
 0001:00025b60       __handle_exc               00426b60 f   LIBCD:fpexcept.obj
 0001:00025ee0       __umatherr                 00426ee0 f   LIBCD:fpexcept.obj
 0001:00025f80       __set_errno                00426f80 f   LIBCD:fpexcept.obj
 0001:00026000       __errcode                  00427000 f   LIBCD:fpexcept.obj
 0001:00026080       __set_exp                  00427080 f   LIBCD:util.obj
 0001:000260c0       __get_exp                  004270c0 f   LIBCD:util.obj
 0001:000260f0       __add_exp                  004270f0 f   LIBCD:util.obj
 0001:00026130       __set_bexp                 00427130 f   LIBCD:util.obj
 0001:00026170       __sptype                   00427170 f   LIBCD:util.obj
 0001:000261f0       __decomp                   004271f0 f   LIBCD:util.obj
 0001:00026330       __statfp                   00427330 f   LIBCD:fpctrl.obj
 0001:00026350       __clrfp                    00427350 f   LIBCD:fpctrl.obj
 0001:00026370       __ctrlfp                   00427370 f   LIBCD:fpctrl.obj
 0001:000263b0       __set_statfp               004273b0 f   LIBCD:fpctrl.obj
 0001:00026430       __cintrindisp2             00427430 f   LIBCD:87cdisp.obj
 0001:0002646e       __cintrindisp1             0042746e f   LIBCD:87cdisp.obj
 0001:000264a4       __ctrandisp2               004274a4 f   LIBCD:87cdisp.obj
 0001:00026615       __ctrandisp1               00427615 f   LIBCD:87cdisp.obj
 0001:00026641       __fload                    00427641 f   LIBCD:87cdisp.obj
 0001:00026680       __XcptFilter               00427680 f   LIBCD:winxfltr.obj
 0001:00026890       __setenvp                  00427890 f   LIBCD:stdenvp.obj
 0001:000269e0       __setargv                  004279e0 f   LIBCD:stdargv.obj
 0001:00026ef0       ___crtGetEnvironmentStringsA 00427ef0 f   LIBCD:a_env.obj
 0001:00027110       __ioinit                   00428110 f   LIBCD:ioinit.obj
 0001:00027420       __ioterm                   00428420 f   LIBCD:ioinit.obj
 0001:00027474       __global_unwind2           00428474 f   LIBCD:exsup.obj
 0001:000274b6       __local_unwind2            004284b6 f   LIBCD:exsup.obj
 0001:0002750e       __NLG_Return2              0042850e f   LIBCD:exsup.obj
 0001:0002751e       __abnormal_termination     0042851e f   LIBCD:exsup.obj
 0001:00027541       __NLG_Notify1              00428541 f   LIBCD:exsup.obj
 0001:0002754a       __NLG_Notify               0042854a f   LIBCD:exsup.obj
 0001:0002755d       __NLG_Dispatch             0042855d f   LIBCD:exsup.obj
 0001:0002756c       __except_handler3          0042856c f   LIBCD:exsup3.obj
 0001:00027629       __seh_longjmp_unwind@4     00428629 f   LIBCD:exsup3.obj
 0001:00027650       __FF_MSGBANNER             00428650 f   LIBCD:crt0msg.obj
 0001:000276a0       __NMSG_WRITE               004286a0 f   LIBCD:crt0msg.obj
 0001:00027860       __GET_RTERRMSG             00428860 f   LIBCD:crt0msg.obj
 0001:000278b0       _itoa                      004288b0 f   LIBCD:xtoa.obj
 0001:000278b0       __itoa                     004288b0 f   LIBCD:xtoa.obj
 0001:000279d0       __ltoa                     004289d0 f   LIBCD:xtoa.obj
 0001:00027a10       __ultoa                    00428a10 f   LIBCD:xtoa.obj
 0001:00027a30       __i64toa                   00428a30 f   LIBCD:xtoa.obj
 0001:00027b80       __ui64toa                  00428b80 f   LIBCD:xtoa.obj
 0001:00027ba0       __snprintf                 00428ba0 f   LIBCD:snprintf.obj
 0001:00027ca0       __vsnprintf                00428ca0 f   LIBCD:vsnprint.obj
 0001:00027da0       __alloca_probe             00428da0 f   LIBCD:chkstk.obj
 0001:00027da0       __chkstk                   00428da0 f   LIBCD:chkstk.obj
 0001:00027dd0       _signal                    00428dd0 f   LIBCD:winsig.obj
 0001:00027fe0       _raise                     00428fe0 f   LIBCD:winsig.obj
 0001:00028200       ___crtMessageBoxA          00429200 f   LIBCD:crtmbox.obj
 0001:000282c0       _memcpy                    004292c0 f   LIBCD:memcpy.obj
 0001:00028600       _memmove                   00429600 f   LIBCD:memmove.obj
 0001:00028940       _strtol                    00429940 f   LIBCD:strtol.obj
 0001:00028c90       _strtoul                   00429c90 f   LIBCD:strtol.obj
 0001:00028cb0       _strncmp                   00429cb0 f   LIBCD:strncmp.obj
 0001:00028cf0       ___crtGetStringTypeA       00429cf0 f   LIBCD:a_str.obj
 0001:00028eb0       ___tzset                   00429eb0 f   LIBCD:tzset.obj
 0001:00028ee0       __tzset                    00429ee0 f   LIBCD:tzset.obj
 0001:00029260       __isindst                  0042a260 f   LIBCD:tzset.obj
 0001:00029760       __read                     0042a760 f   LIBCD:read.obj
 0001:00029bc0       __getbuf                   0042abc0 f   LIBCD:_getbuf.obj
 0001:00029c90       __ZeroTail                 0042ac90 f   LIBCD:intrncvt.obj
 0001:00029d20       __IncMan                   0042ad20 f   LIBCD:intrncvt.obj
 0001:00029dd0       __RoundMan                 0042add0 f   LIBCD:intrncvt.obj
 0001:00029eb0       __CopyMan                  0042aeb0 f   LIBCD:intrncvt.obj
 0001:00029f00       __FillZeroMan              0042af00 f   LIBCD:intrncvt.obj
 0001:00029f30       __IsZeroMan                0042af30 f   LIBCD:intrncvt.obj
 0001:00029f70       __ShrMan                   0042af70 f   LIBCD:intrncvt.obj
 0001:0002a060       __ld12cvt                  0042b060 f   LIBCD:intrncvt.obj
 0001:0002a2b0       __ld12tod                  0042b2b0 f   LIBCD:intrncvt.obj
 0001:0002a2d0       __ld12tof                  0042b2d0 f   LIBCD:intrncvt.obj
 0001:0002a2f0       __ld12told                 0042b2f0 f   LIBCD:intrncvt.obj
 0001:0002a3b0       __atodbl                   0042b3b0 f   LIBCD:intrncvt.obj
 0001:0002a3f0       __atoldbl                  0042b3f0 f   LIBCD:intrncvt.obj
 0001:0002a430       __atoflt                   0042b430 f   LIBCD:intrncvt.obj
 0001:0002a470       ___strgtold12              0042b470 f   LIBCD:strgtold.obj
 0001:0002afa0       ___STRINGTOLD              0042bfa0 f   LIBCD:strgtold.obj
 0001:0002aff0       __dosmaperr                0042bff0 f   LIBCD:dosmap.obj
 0001:0002b080       __alloc_osfhnd             0042c080 f   LIBCD:osfinfo.obj
 0001:0002b1b0       __set_osfhnd               0042c1b0 f   LIBCD:osfinfo.obj
 0001:0002b260       __free_osfhnd              0042c260 f   LIBCD:osfinfo.obj
 0001:0002b330       __get_osfhandle            0042c330 f   LIBCD:osfinfo.obj
 0001:0002b390       __open_osfhandle           0042c390 f   LIBCD:osfinfo.obj
 0001:0002b480       __commit                   0042c480 f   LIBCD:commit.obj
 0001:0002b530       __write                    0042c530 f   LIBCD:write.obj
 0001:0002b7e0       ___initstdio               0042c7e0 f   LIBCD:_file.obj
 0001:0002b910       ___endstdio                0042c910 f   LIBCD:_file.obj
 0001:0002b930       _mbtowc                    0042c930 f   LIBCD:mbtowc.obj
 0001:0002ba90       _isalpha                   0042ca90 f   LIBCD:_ctype.obj
 0001:0002bae0       _isupper                   0042cae0 f   LIBCD:_ctype.obj
 0001:0002bb20       _islower                   0042cb20 f   LIBCD:_ctype.obj
 0001:0002bb60       _isdigit                   0042cb60 f   LIBCD:_ctype.obj
 0001:0002bba0       _isxdigit                  0042cba0 f   LIBCD:_ctype.obj
 0001:0002bbf0       _isspace                   0042cbf0 f   LIBCD:_ctype.obj
 0001:0002bc30       _ispunct                   0042cc30 f   LIBCD:_ctype.obj
 0001:0002bc70       _isalnum                   0042cc70 f   LIBCD:_ctype.obj
 0001:0002bcc0       _isprint                   0042ccc0 f   LIBCD:_ctype.obj
 0001:0002bd10       _isgraph                   0042cd10 f   LIBCD:_ctype.obj
 0001:0002bd60       _iscntrl                   0042cd60 f   LIBCD:_ctype.obj
 0001:0002bda0       ___isascii                 0042cda0 f   LIBCD:_ctype.obj
 0001:0002bdb0       ___toascii                 0042cdb0 f   LIBCD:_ctype.obj
 0001:0002bdc0       ___iscsymf                 0042cdc0 f   LIBCD:_ctype.obj
 0001:0002be20       ___iscsym                  0042ce20 f   LIBCD:_ctype.obj
 0001:0002be80       __allshl                   0042ce80 f   LIBCD:llshl.obj
 0001:0002bea0       _ungetc                    0042cea0 f   LIBCD:ungetc.obj
 0001:0002bfe0       __open                     0042cfe0 f   LIBCD:open.obj
 0001:0002c020       __sopen                    0042d020 f   LIBCD:open.obj
 0001:0002c510       __lseek                    0042d510 f   LIBCD:lseek.obj
 0001:0002c600       __isatty                   0042d600 f   LIBCD:isatty.obj
 0001:0002c630       _wctomb                    0042d630 f   LIBCD:wctomb.obj
 0001:0002c6d0       __aulldiv                  0042d6d0 f   LIBCD:ulldiv.obj
 0001:0002c740       __aullrem                  0042d740 f   LIBCD:ullrem.obj
 0001:0002c7c0       __statusfp                 0042d7c0 f   LIBCD:ieee87.obj
 0001:0002c7e0       __clearfp                  0042d7e0 f   LIBCD:ieee87.obj
 0001:0002c800       __control87                0042d800 f   LIBCD:ieee87.obj
 0001:0002c850       __controlfp                0042d850 f   LIBCD:ieee87.obj
 0001:0002c870       __fpreset                  0042d870 f   LIBCD:ieee87.obj
 0001:0002cc60       __tolower                  0042dc60 f   LIBCD:tolower.obj
 0001:0002cc70       _tolower                   0042dc70 f   LIBCD:tolower.obj
 0001:0002cda0       __fptostr                  0042dda0 f   LIBCD:_fptostr.obj
 0001:0002cea0       __fltout                   0042dea0 f   LIBCD:cfout.obj
 0001:0002cf20       ___dtold                   0042df20 f   LIBCD:cfout.obj
 0001:0002d090       __fptrap                   0042e090 f   LIBCD:crt0fp.obj
 0001:0002d0a0       __87except                 0042e0a0 f   LIBCD:87except.obj
 0001:0002d220       _fdiv_main_routine         0042e220 f   LIBCD:adj_fdiv.obj
 0001:0002d337       __adj_fdiv_r               0042e337 f   LIBCD:adj_fdiv.obj
 0001:0002d7d6       __fdivp_sti_st             0042e7d6 f   LIBCD:adj_fdiv.obj
 0001:0002d7e9       __fdivrp_sti_st            0042e7e9 f   LIBCD:adj_fdiv.obj
 0001:0002d7fc       __adj_fdiv_m32             0042e7fc f   LIBCD:adj_fdiv.obj
 0001:0002d848       __adj_fdiv_m64             0042e848 f   LIBCD:adj_fdiv.obj
 0001:0002d894       __adj_fdiv_m16i            0042e894 f   LIBCD:adj_fdiv.obj
 0001:0002d8c8       __adj_fdiv_m32i            0042e8c8 f   LIBCD:adj_fdiv.obj
 0001:0002d8fc       __adj_fdivr_m32            0042e8fc f   LIBCD:adj_fdiv.obj
 0001:0002d948       __adj_fdivr_m64            0042e948 f   LIBCD:adj_fdiv.obj
 0001:0002d994       __adj_fdivr_m16i           0042e994 f   LIBCD:adj_fdiv.obj
 0001:0002d9c8       __adj_fdivr_m32i           0042e9c8 f   LIBCD:adj_fdiv.obj
 0001:0002d9fc       __safe_fdiv                0042e9fc f   LIBCD:adj_fdiv.obj
 0001:0002da11       __safe_fdivr               0042ea11 f   LIBCD:adj_fdiv.obj
 0001:0002da26       __fprem_common             0042ea26 f   LIBCD:adj_fdiv.obj
 0001:0002dc2c       __adj_fprem                0042ec2c f   LIBCD:adj_fdiv.obj
 0001:0002dcde       __fprem1_common            0042ecde f   LIBCD:adj_fdiv.obj
 0001:0002dee4       __adj_fprem1               0042eee4 f   LIBCD:adj_fdiv.obj
 0001:0002df99       __safe_fprem               0042ef99 f   LIBCD:adj_fdiv.obj
 0001:0002df9f       __safe_fprem1              0042ef9f f   LIBCD:adj_fdiv.obj
 0001:0002dfa5       __adj_fpatan               0042efa5 f   LIBCD:adj_fdiv.obj
 0001:0002dfa8       __adj_fptan                0042efa8 f   LIBCD:adj_fdiv.obj
 0001:0002dfb0       __copysign                 0042efb0 f   LIBCD:ieeemisc.obj
 0001:0002dfe0       __chgsign                  0042efe0 f   LIBCD:ieeemisc.obj
 0001:0002e010       __scalb                    0042f010 f   LIBCD:ieeemisc.obj
 0001:0002e030       __logb                     0042f030 f   LIBCD:ieeemisc.obj
 0001:0002e160       __nextafter                0042f160 f   LIBCD:ieeemisc.obj
 0001:0002e4a0       __finite                   0042f4a0 f   LIBCD:ieeemisc.obj
 0001:0002e4d0       __isnan                    0042f4d0 f   LIBCD:ieeemisc.obj
 0001:0002e520       __fpclass                  0042f520 f   LIBCD:ieeemisc.obj
 0001:0002e600       __matherr                  0042f600 f   LIBCD:matherr.obj
 0001:0002e610       __setmbcp                  0042f610 f   LIBCD:mbctype.obj
 0001:0002ed80       __getmbcp                  0042fd80 f   LIBCD:mbctype.obj
 0001:0002eda0       ___initmbctable            0042fda0 f   LIBCD:mbctype.obj
 0001:0002edd0       __toupper                  0042fdd0 f   LIBCD:toupper.obj
 0001:0002ede0       _toupper                   0042fde0 f   LIBCD:toupper.obj
 0001:0002ef10       _strcmp                    0042ff10 f   LIBCD:strcmp.obj
 0001:0002efa0       _getenv                    0042ffa0 f   LIBCD:getenv.obj
 0001:0002f070       ___addl                    00430070 f   LIBCD:mantold.obj
 0001:0002f0b0       ___add_12                  004300b0 f   LIBCD:mantold.obj
 0001:0002f160       ___shl_12                  00430160 f   LIBCD:mantold.obj
 0001:0002f1c0       ___shr_12                  004301c0 f   LIBCD:mantold.obj
 0001:0002f230       ___mtold12                 00430230 f   LIBCD:mantold.obj
 0001:0002f370       ___ld12mul                 00430370 f   LIBCD:tenpow.obj
 0001:0002f7b0       ___multtenpow12            004307b0 f   LIBCD:tenpow.obj
 0001:0002f880       __fcloseall                00430880 f   LIBCD:closeall.obj
 0001:0002f930       __chsize                   00430930 f   LIBCD:chsize.obj
 0001:0002fba0       ___crtLCMapStringA         00430ba0 f   LIBCD:a_map.obj
 0001:0002ff00       _$I10_OUTPUT               00430f00 f   LIBCD:x10fout.obj
 0001:00030420       _ldexp                     00431420 f   LIBCD:ldexp.obj
 0001:000306e0       __mbsnbicoll               004316e0 f   LIBCD:mbsnbico.obj
 0001:00030730       ___wtomb_environ           00431730 f   LIBCD:wtombenv.obj
 0001:000307e0       __setmode                  004317e0 f   LIBCD:setmode.obj
 0001:000308e0       ___crtCompareStringA       004318e0 f   LIBCD:a_cmp.obj
 0001:00030d30       ___crtsetenv               00431d30 f   LIBCD:setenv.obj
 0001:00031180       __mbschr                   00432180 f   LIBCD:mbschr.obj
 0001:00031370       ??_D?$basic_istream@DU?$char_traits@D@std@@@std@@QAEXXZ 00432370 f i libcpd:iostream.obj
 0001:00031400       ??_D?$basic_ostream@DU?$char_traits@D@std@@@std@@QAEXXZ 00432400 f i libcpd:iostream.obj
 0001:00031550       ??0Init@ios_base@std@@QAE@XZ 00432550 f   libcpd:iostream.obj
 0001:00031830       ??0_Lockit@std@@QAE@XZ     00432830 f i libcpd:iostream.obj
 0001:00031840       ??1_Lockit@std@@QAE@XZ     00432840 f i libcpd:iostream.obj
 0001:00031850       ??2@YAPAXIPAX@Z            00432850 f i libcpd:iostream.obj
 0001:00031860       ??3@YAXPAX0@Z              00432860 f i libcpd:iostream.obj
 0001:00031870       ?setf@ios_base@std@@QAEHH@Z 00432870 f i libcpd:iostream.obj
 0001:000318b0       ??1Init@ios_base@std@@QAE@XZ 004328b0 f   libcpd:iostream.obj
 0001:00031920       ??0?$basic_ostream@DU?$char_traits@D@std@@@std@@QAE@PAV?$basic_streambuf@DU?$char_traits@D@std@@@1@_N1@Z 00432920 f i libcpd:iostream.obj
 0001:000319d0       ??0?$basic_ostream@DU?$char_traits@D@std@@@std@@QAE@W4_Uninitialized@1@@Z 004329d0 f i libcpd:iostream.obj
 0001:00031a60       ??1?$basic_ostream@DU?$char_traits@D@std@@@std@@UAE@XZ 00432a60 f i libcpd:iostream.obj
 0001:00031a80       ?flush@?$basic_ostream@DU?$char_traits@D@std@@@std@@QAEAAV12@XZ 00432a80 f i libcpd:iostream.obj
 0001:00031af0       ?fail@ios_base@std@@QBE_NXZ 00432af0 f i libcpd:iostream.obj
 0001:00031b10       ?rdstate@ios_base@std@@QBEHXZ 00432b10 f i libcpd:iostream.obj
 0001:00031b30       ??1?$basic_ios@DU?$char_traits@D@std@@@std@@UAE@XZ 00432b30 f i libcpd:iostream.obj
 0001:00031b50       ?setstate@?$basic_ios@DU?$char_traits@D@std@@@std@@QAEXH_N@Z 00432b50 f i libcpd:iostream.obj
 0001:00031b80       ?tie@?$basic_ios@DU?$char_traits@D@std@@@std@@QAEPAV?$basic_ostream@DU?$char_traits@D@std@@@2@PAV32@@Z 00432b80 f i libcpd:iostream.obj
 0001:00031bb0       ?rdbuf@?$basic_ios@DU?$char_traits@D@std@@@std@@QBEPAV?$basic_streambuf@DU?$char_traits@D@std@@@2@XZ 00432bb0 f i libcpd:iostream.obj
 0001:00031bd0       ??0?$basic_istream@DU?$char_traits@D@std@@@std@@QAE@PAV?$basic_streambuf@DU?$char_traits@D@std@@@1@_N@Z 00432bd0 f i libcpd:iostream.obj
 0001:00031c70       ??0?$basic_istream@DU?$char_traits@D@std@@@std@@QAE@W4_Uninitialized@1@@Z 00432c70 f i libcpd:iostream.obj
 0001:00031d00       ??1?$basic_istream@DU?$char_traits@D@std@@@std@@UAE@XZ 00432d00 f i libcpd:iostream.obj
 0001:00031d20       ??0?$basic_filebuf@DU?$char_traits@D@std@@@std@@QAE@PAU_iobuf@@@Z 00432d20 f i libcpd:iostream.obj
 0001:00031d90       ??0locale@std@@QAE@XZ      00432d90 f i libcpd:iostream.obj
 0001:00031dd0       ?_Incref@facet@locale@std@@QAEXXZ 00432dd0 f i libcpd:iostream.obj
 0001:00031e10       ??1locale@std@@QAE@XZ      00432e10 f i libcpd:iostream.obj
 0001:00031e60       ?_Decref@facet@locale@std@@QAEPAV123@XZ 00432e60 f i libcpd:iostream.obj
 0001:00031ec0       ??1?$basic_streambuf@DU?$char_traits@D@std@@@std@@UAE@XZ 00432ec0 f i libcpd:iostream.obj
 0001:00031ee0       ?overflow@?$basic_streambuf@DU?$char_traits@D@std@@@std@@MAEHH@Z 00432ee0 f i libcpd:iostream.obj
 0001:00031f00       ?eof@?$char_traits@D@std@@SAHXZ 00432f00 f i libcpd:iostream.obj
 0001:00031f10       ?pbackfail@?$basic_streambuf@DU?$char_traits@D@std@@@std@@MAEHH@Z 00432f10 f i libcpd:iostream.obj
 0001:00031f30       ?showmanyc@?$basic_streambuf@DU?$char_traits@D@std@@@std@@MAEHXZ 00432f30 f i libcpd:iostream.obj
 0001:00031f40       ?underflow@?$basic_streambuf@DU?$char_traits@D@std@@@std@@MAEHXZ 00432f40 f i libcpd:iostream.obj
 0001:00031f50       ?uflow@?$basic_streambuf@DU?$char_traits@D@std@@@std@@MAEHXZ 00432f50 f i libcpd:iostream.obj
 0001:00031fb0       ?to_int_type@?$char_traits@D@std@@SAHABD@Z 00432fb0 f i libcpd:iostream.obj
 0001:00031fc0       ?eq_int_type@?$char_traits@D@std@@SA_NABH0@Z 00432fc0 f i libcpd:iostream.obj
 0001:00031fe0       ?xsgetn@?$basic_streambuf@DU?$char_traits@D@std@@@std@@MAEHPADH@Z 00432fe0 f i libcpd:iostream.obj
 0001:000320e0       ?copy@?$char_traits@D@std@@SAPADPADPBDI@Z 004330e0 f i libcpd:iostream.obj
 0001:00032100       ?to_char_type@?$char_traits@D@std@@SADABH@Z 00433100 f i libcpd:iostream.obj
 0001:00032110       ?xsputn@?$basic_streambuf@DU?$char_traits@D@std@@@std@@MAEHPBDH@Z 00433110 f i libcpd:iostream.obj
 0001:00032210       ?seekoff@?$basic_streambuf@DU?$char_traits@D@std@@@std@@MAE?AV?$fpos@H@2@JW4seekdir@ios_base@2@H@Z 00433210 f i libcpd:iostream.obj
 0001:00032240       ?seekpos@?$basic_streambuf@DU?$char_traits@D@std@@@std@@MAE?AV?$fpos@H@2@V32@H@Z 00433240 f i libcpd:iostream.obj
 0001:00032270       ?setbuf@?$basic_streambuf@DU?$char_traits@D@std@@@std@@MAEPAV12@PADH@Z 00433270 f i libcpd:iostream.obj
 0001:00032280       ?sync@?$basic_streambuf@DU?$char_traits@D@std@@@std@@MAEHXZ 00433280 f i libcpd:iostream.obj
 0001:00032290       ?imbue@?$basic_streambuf@DU?$char_traits@D@std@@@std@@MAEXABVlocale@2@@Z 00433290 f i libcpd:iostream.obj
 0001:000322a0       ??0?$basic_filebuf@DU?$char_traits@D@std@@@std@@QAE@W4_Uninitialized@1@@Z 004332a0 f i libcpd:iostream.obj
 0001:00032300       ??0locale@std@@QAE@W4_Uninitialized@1@@Z 00433300 f i libcpd:iostream.obj
 0001:00032310       ??1?$basic_filebuf@DU?$char_traits@D@std@@@std@@UAE@XZ 00433310 f i libcpd:iostream.obj
 0001:000323b0       ?overflow@?$basic_filebuf@DU?$char_traits@D@std@@@std@@MAEHH@Z 004333b0 f i libcpd:iostream.obj
 0001:000325c0       ?not_eof@?$char_traits@D@std@@SAHABH@Z 004335c0 f i libcpd:iostream.obj
 0001:000325f0       ?_Fputc@std@@YA_NDPAU_iobuf@@@Z 004335f0 f i libcpd:iostream.obj
 0001:00032610       ?pbackfail@?$basic_filebuf@DU?$char_traits@D@std@@@std@@MAEHH@Z 00433610 f i libcpd:iostream.obj
 0001:00032790       ?_Ungetc@std@@YA_NDPAU_iobuf@@@Z 00433790 f i libcpd:iostream.obj
 0001:000327c0       ?size@?$basic_string@DU?$char_traits@D@std@@V?$allocator@D@2@@std@@QBEIXZ 004337c0 f i libcpd:iostream.obj
 0001:000327e0       ?underflow@?$basic_filebuf@DU?$char_traits@D@std@@@std@@MAEHXZ 004337e0 f i libcpd:iostream.obj
 0001:00032840       ?uflow@?$basic_filebuf@DU?$char_traits@D@std@@@std@@MAEHXZ 00433840 f i libcpd:iostream.obj
 0001:000329e0       ?_Fgetc@std@@YA_NAADPAU_iobuf@@@Z 004339e0 f i libcpd:iostream.obj
 0001:00032a10       ?seekoff@?$basic_filebuf@DU?$char_traits@D@std@@@std@@MAE?AV?$fpos@H@2@JW4seekdir@ios_base@2@H@Z 00433a10 f i libcpd:iostream.obj
 0001:00032aa0       ?seekpos@?$basic_filebuf@DU?$char_traits@D@std@@@std@@MAE?AV?$fpos@H@2@V32@H@Z 00433aa0 f i libcpd:iostream.obj
 0001:00032ba0       ?setbuf@?$basic_filebuf@DU?$char_traits@D@std@@@std@@MAEPAV?$basic_streambuf@DU?$char_traits@D@std@@@2@PADH@Z 00433ba0 f i libcpd:iostream.obj
 0001:00032bf0       ?sync@?$basic_filebuf@DU?$char_traits@D@std@@@std@@MAEHXZ 00433bf0 f i libcpd:iostream.obj
 0001:00032c30       ??_E?$basic_ostream@DU?$char_traits@D@std@@@std@@UAEPAXI@Z 00433c30 f i libcpd:iostream.obj
 0001:00032c30       ??_G?$basic_ostream@DU?$char_traits@D@std@@@std@@UAEPAXI@Z 00433c30 f i libcpd:iostream.obj
 0001:00032c70       ??_G?$basic_ios@DU?$char_traits@D@std@@@std@@UAEPAXI@Z 00433c70 f i libcpd:iostream.obj
 0001:00032c70       ??_E?$basic_ios@DU?$char_traits@D@std@@@std@@UAEPAXI@Z 00433c70 f i libcpd:iostream.obj
 0001:00032ca0       ??_E?$basic_istream@DU?$char_traits@D@std@@@std@@UAEPAXI@Z 00433ca0 f i libcpd:iostream.obj
 0001:00032ca0       ??_G?$basic_istream@DU?$char_traits@D@std@@@std@@UAEPAXI@Z 00433ca0 f i libcpd:iostream.obj
 0001:00032ce0       ??_E?$basic_streambuf@DU?$char_traits@D@std@@@std@@UAEPAXI@Z 00433ce0 f i libcpd:iostream.obj
 0001:00032ce0       ??_G?$basic_streambuf@DU?$char_traits@D@std@@@std@@UAEPAXI@Z 00433ce0 f i libcpd:iostream.obj
 0001:00032d10       ??_E?$basic_filebuf@DU?$char_traits@D@std@@@std@@UAEPAXI@Z 00433d10 f i libcpd:iostream.obj
 0001:00032d10       ??_G?$basic_filebuf@DU?$char_traits@D@std@@@std@@UAEPAXI@Z 00433d10 f i libcpd:iostream.obj
 0001:00032d40       ??_G?$basic_string@DU?$char_traits@D@std@@V?$allocator@D@2@@std@@QAEPAXI@Z 00433d40 f i libcpd:iostream.obj
 0001:00032d70       ??1?$basic_string@DU?$char_traits@D@std@@V?$allocator@D@2@@std@@QAE@XZ 00433d70 f i libcpd:iostream.obj
 0001:00032d90       ?append@?$basic_string@DU?$char_traits@D@std@@V?$allocator@D@2@@std@@QAEAAV12@ID@Z 00433d90 f i libcpd:iostream.obj
 0001:00032e10       ?assign@?$char_traits@D@std@@SAPADPADIABD@Z 00433e10 f i libcpd:iostream.obj
 0001:00032e30       ?erase@?$basic_string@DU?$char_traits@D@std@@V?$allocator@D@2@@std@@QAEAAV12@II@Z 00433e30 f i libcpd:iostream.obj
 0001:00032ee0       ?move@?$char_traits@D@std@@SAPADPADPBDI@Z 00433ee0 f i libcpd:iostream.obj
 0001:00032f00       ?begin@?$basic_string@DU?$char_traits@D@std@@V?$allocator@D@2@@std@@QAEPADXZ 00433f00 f i libcpd:iostream.obj
 0001:00032f20       ?end@?$basic_string@DU?$char_traits@D@std@@V?$allocator@D@2@@std@@QAEPADXZ 00433f20 f i libcpd:iostream.obj
 0001:00032f50       ?_Psum@?$basic_string@DU?$char_traits@D@std@@V?$allocator@D@2@@std@@CAPADPADI@Z 00433f50 f i libcpd:iostream.obj
 0001:00032f80       ?_Tidy@?$basic_string@DU?$char_traits@D@std@@V?$allocator@D@2@@std@@AAEX_N@Z 00433f80 f i libcpd:iostream.obj
 0001:00033040       ?clear@?$basic_ios@DU?$char_traits@D@std@@@std@@QAEXH_N@Z 00434040 f i libcpd:iostream.obj
 0001:00033080       ?init@?$basic_ios@DU?$char_traits@D@std@@@std@@IAEXPAV?$basic_streambuf@DU?$char_traits@D@std@@@2@_N@Z 00434080 f i libcpd:iostream.obj
 0001:000330f0       ??0?$basic_ios@DU?$char_traits@D@std@@@std@@IAE@XZ 004340f0 f i libcpd:iostream.obj
 0001:00033110       ??0ios_base@std@@IAE@XZ    00434110 f i libcpd:iostream.obj
 0001:00033140       ??_Gios_base@std@@UAEPAXI@Z 00434140 f i libcpd:iostream.obj
 0001:00033140       ??_Eios_base@std@@UAEPAXI@Z 00434140 f i libcpd:iostream.obj
 0001:00033170       ??0?$fpos@H@std@@QAE@J@Z   00434170 f i libcpd:iostream.obj
 0001:000331b0       ??0?$fpos@H@std@@QAE@H_J@Z 004341b0 f i libcpd:iostream.obj
 0001:000331f0       ?state@?$fpos@H@std@@QBEHXZ 004341f0 f i libcpd:iostream.obj
 0001:00033210       ?get_fpos_t@?$fpos@H@std@@QBE_JXZ 00434210 f i libcpd:iostream.obj
 0001:00033230       ??B?$fpos@H@std@@QBEJXZ    00434230 f i libcpd:iostream.obj
 0001:00033250       ??0?$basic_streambuf@DU?$char_traits@D@std@@@std@@IAE@XZ 00434250 f i libcpd:iostream.obj
 0001:000332b0       ??0?$basic_streambuf@DU?$char_traits@D@std@@@std@@IAE@W4_Uninitialized@1@@Z 004342b0 f i libcpd:iostream.obj
 0001:000332e0       ?pubsync@?$basic_streambuf@DU?$char_traits@D@std@@@std@@QAEHXZ 004342e0 f i libcpd:iostream.obj
 0001:00033300       ?eback@?$basic_streambuf@DU?$char_traits@D@std@@@std@@IBEPADXZ 00434300 f i libcpd:iostream.obj
 0001:00033320       ?gptr@?$basic_streambuf@DU?$char_traits@D@std@@@std@@IBEPADXZ 00434320 f i libcpd:iostream.obj
 0001:00033340       ?pptr@?$basic_streambuf@DU?$char_traits@D@std@@@std@@IBEPADXZ 00434340 f i libcpd:iostream.obj
 0001:00033360       ?egptr@?$basic_streambuf@DU?$char_traits@D@std@@@std@@IBEPADXZ 00434360 f i libcpd:iostream.obj
 0001:00033380       ?gbump@?$basic_streambuf@DU?$char_traits@D@std@@@std@@IAEXH@Z 00434380 f i libcpd:iostream.obj
 0001:000333c0       ?epptr@?$basic_streambuf@DU?$char_traits@D@std@@@std@@IBEPADXZ 004343c0 f i libcpd:iostream.obj
 0001:000333e0       ?_Gndec@?$basic_streambuf@DU?$char_traits@D@std@@@std@@IAEPADXZ 004343e0 f i libcpd:iostream.obj
 0001:00033420       ?_Gninc@?$basic_streambuf@DU?$char_traits@D@std@@@std@@IAEPADXZ 00434420 f i libcpd:iostream.obj
 0001:00033460       ?pbump@?$basic_streambuf@DU?$char_traits@D@std@@@std@@IAEXH@Z 00434460 f i libcpd:iostream.obj
 0001:000334a0       ?_Pninc@?$basic_streambuf@DU?$char_traits@D@std@@@std@@IAEPADXZ 004344a0 f i libcpd:iostream.obj
 0001:000334e0       ?close@?$basic_filebuf@DU?$char_traits@D@std@@@std@@QAEPAV12@XZ 004344e0 f i libcpd:iostream.obj
 0001:00033520       ?_Init@?$basic_filebuf@DU?$char_traits@D@std@@@std@@IAEXPAU_iobuf@@W4_Initfl@12@@Z 00434520 f i libcpd:iostream.obj
 0001:00033600       ?in@?$codecvt@DDH@std@@QBEHAAHPBD1AAPBDPAD3AAPAD@Z 00434600 f i libcpd:iostream.obj
 0001:00033640       ?out@?$codecvt@DDH@std@@QBEHAAHPBD1AAPBDPAD3AAPAD@Z 00434640 f i libcpd:iostream.obj
 0001:00033680       ?_Eos@?$basic_string@DU?$char_traits@D@std@@V?$allocator@D@2@@std@@AAEXI@Z 00434680 f i libcpd:iostream.obj
 0001:000336c0       ?assign@?$char_traits@D@std@@SAXAADABD@Z 004346c0 f i libcpd:iostream.obj
 0001:000336d0       ?_Freeze@?$basic_string@DU?$char_traits@D@std@@V?$allocator@D@2@@std@@AAEXXZ 004346d0 f i libcpd:iostream.obj
 0001:00033750       ?_Grow@?$basic_string@DU?$char_traits@D@std@@V?$allocator@D@2@@std@@AAE_NI_N@Z 00434750 f i libcpd:iostream.obj
 0001:00033890       ?_Refcnt@?$basic_string@DU?$char_traits@D@std@@V?$allocator@D@2@@std@@AAEAAEPBD@Z 00434890 f i libcpd:iostream.obj
 0001:000338b0       ?_Split@?$basic_string@DU?$char_traits@D@std@@V?$allocator@D@2@@std@@AAEXXZ 004348b0 f i libcpd:iostream.obj
 0001:00033920       ?assign@?$basic_string@DU?$char_traits@D@std@@V?$allocator@D@2@@std@@QAEAAV12@PBD@Z 00434920 f i libcpd:iostream.obj
 0001:00033950       ?length@?$char_traits@D@std@@SAIPBD@Z 00434950 f i libcpd:iostream.obj
 0001:00033970       ?assign@?$basic_string@DU?$char_traits@D@std@@V?$allocator@D@2@@std@@QAEAAV12@PBDI@Z 00434970 f i libcpd:iostream.obj
 0001:000339c0       ?deallocate@?$allocator@D@std@@QAEXPAXI@Z 004349c0 f i libcpd:iostream.obj
 0001:000339e0       ?_Init@?$basic_streambuf@DU?$char_traits@D@std@@@std@@IAEXXZ 004349e0 f i libcpd:iostream.obj
 0001:00033a50       ?_Init@?$basic_streambuf@DU?$char_traits@D@std@@@std@@IAEXPAPAD0PAH001@Z 00434a50 f i libcpd:iostream.obj
 0001:00033aa0       ?max_size@?$basic_string@DU?$char_traits@D@std@@V?$allocator@D@2@@std@@QBEIXZ 00434aa0 f i libcpd:iostream.obj
 0001:00033ae0       ?_Copy@?$basic_string@DU?$char_traits@D@std@@V?$allocator@D@2@@std@@AAEXI@Z 00434ae0 f i libcpd:iostream.obj
 0001:00033c20       ?setg@?$basic_streambuf@DU?$char_traits@D@std@@@std@@IAEXPAD00@Z 00434c20 f i libcpd:iostream.obj
 0001:00033c60       ?setp@?$basic_streambuf@DU?$char_traits@D@std@@@std@@IAEXPAD0@Z 00434c60 f i libcpd:iostream.obj
 0001:00033ca0       ?allocate@?$allocator@D@std@@QAEPADIPBX@Z 00434ca0 f i libcpd:iostream.obj
 0001:00033cc0       ?max_size@?$allocator@D@std@@QBEIXZ 00434cc0 f i libcpd:iostream.obj
 0001:00033cf0       ?_Ungetc@std@@YA_NABDPAU_iobuf@@I@Z 00434cf0 f i libcpd:iostream.obj
 0001:00033d70       ?_Widen@std@@YADDPAD@Z     00434d70 f i libcpd:iostream.obj
 0001:00033d80       ?_Allocate@std@@YAPADHPAD@Z 00434d80 f i libcpd:iostream.obj
 0001:00033de0       ?id@?$collate@D@std@@$D    00434de0 f i libcpd:iostream.obj
 0001:00033e30       ?id@?$collate@D@std@@$E    00434e30 f i libcpd:iostream.obj
 0001:00034060       ??_D?$basic_istream@GU?$char_traits@G@std@@@std@@QAEXXZ 00435060 f i libcpd:wiostrea.obj
 0001:000340f0       ??_D?$basic_ostream@GU?$char_traits@G@std@@@std@@QAEXXZ 004350f0 f i libcpd:wiostrea.obj
 0001:000341e0       ??0_Winit@std@@QAE@XZ      004351e0 f   libcpd:wiostrea.obj
 0001:000344c0       ??1_Winit@std@@QAE@XZ      004354c0 f   libcpd:wiostrea.obj
 0001:00034530       ??0?$basic_ostream@GU?$char_traits@G@std@@@std@@QAE@PAV?$basic_streambuf@GU?$char_traits@G@std@@@1@_N1@Z 00435530 f i libcpd:wiostrea.obj
 0001:000345e0       ??0?$basic_ostream@GU?$char_traits@G@std@@@std@@QAE@W4_Uninitialized@1@@Z 004355e0 f i libcpd:wiostrea.obj
 0001:00034670       ??1?$basic_ostream@GU?$char_traits@G@std@@@std@@UAE@XZ 00435670 f i libcpd:wiostrea.obj
 0001:00034690       ?flush@?$basic_ostream@GU?$char_traits@G@std@@@std@@QAEAAV12@XZ 00435690 f i libcpd:wiostrea.obj
 0001:00034700       ??1?$basic_ios@GU?$char_traits@G@std@@@std@@UAE@XZ 00435700 f i libcpd:wiostrea.obj
 0001:00034720       ?setstate@?$basic_ios@GU?$char_traits@G@std@@@std@@QAEXH_N@Z 00435720 f i libcpd:wiostrea.obj
 0001:00034750       ?tie@?$basic_ios@GU?$char_traits@G@std@@@std@@QAEPAV?$basic_ostream@GU?$char_traits@G@std@@@2@PAV32@@Z 00435750 f i libcpd:wiostrea.obj
 0001:00034780       ?rdbuf@?$basic_ios@GU?$char_traits@G@std@@@std@@QBEPAV?$basic_streambuf@GU?$char_traits@G@std@@@2@XZ 00435780 f i libcpd:wiostrea.obj
 0001:000347a0       ??0?$basic_istream@GU?$char_traits@G@std@@@std@@QAE@PAV?$basic_streambuf@GU?$char_traits@G@std@@@1@_N@Z 004357a0 f i libcpd:wiostrea.obj
 0001:00034840       ??0?$basic_istream@GU?$char_traits@G@std@@@std@@QAE@W4_Uninitialized@1@@Z 00435840 f i libcpd:wiostrea.obj
 0001:000348d0       ??1?$basic_istream@GU?$char_traits@G@std@@@std@@UAE@XZ 004358d0 f i libcpd:wiostrea.obj
 0001:000348f0       ??0?$basic_filebuf@GU?$char_traits@G@std@@@std@@QAE@PAU_iobuf@@@Z 004358f0 f i libcpd:wiostrea.obj
 0001:00034960       ??1?$basic_streambuf@GU?$char_traits@G@std@@@std@@UAE@XZ 00435960 f i libcpd:wiostrea.obj
 0001:00034980       ?overflow@?$basic_streambuf@GU?$char_traits@G@std@@@std@@MAEGG@Z 00435980 f i libcpd:wiostrea.obj
 0001:000349a0       ?eof@?$char_traits@G@std@@SAGXZ 004359a0 f i libcpd:wiostrea.obj
 0001:000349b0       ?pbackfail@?$basic_streambuf@GU?$char_traits@G@std@@@std@@MAEGG@Z 004359b0 f i libcpd:wiostrea.obj
 0001:000349d0       ?showmanyc@?$basic_streambuf@GU?$char_traits@G@std@@@std@@MAEHXZ 004359d0 f i libcpd:wiostrea.obj
 0001:000349e0       ?underflow@?$basic_streambuf@GU?$char_traits@G@std@@@std@@MAEGXZ 004359e0 f i libcpd:wiostrea.obj
 0001:000349f0       ?uflow@?$basic_streambuf@GU?$char_traits@G@std@@@std@@MAEGXZ 004359f0 f i libcpd:wiostrea.obj
 0001:00034a60       ?to_int_type@?$char_traits@G@std@@SAGABG@Z 00435a60 f i libcpd:wiostrea.obj
 0001:00034a70       ?eq_int_type@?$char_traits@G@std@@SA_NABG0@Z 00435a70 f i libcpd:wiostrea.obj
 0001:00034a90       ?xsgetn@?$basic_streambuf@GU?$char_traits@G@std@@@std@@MAEHPAGH@Z 00435a90 f i libcpd:wiostrea.obj
 0001:00034ba0       ?copy@?$char_traits@G@std@@SAPAGPAGPBGI@Z 00435ba0 f i libcpd:wiostrea.obj
 0001:00034bc0       _wmemcpy                   00435bc0 f i libcpd:wiostrea.obj
 0001:00034c10       ?to_char_type@?$char_traits@G@std@@SAGABG@Z 00435c10 f i libcpd:wiostrea.obj
 0001:00034c20       ?xsputn@?$basic_streambuf@GU?$char_traits@G@std@@@std@@MAEHPBGH@Z 00435c20 f i libcpd:wiostrea.obj
 0001:00034d30       ?seekoff@?$basic_streambuf@GU?$char_traits@G@std@@@std@@MAE?AV?$fpos@H@2@JW4seekdir@ios_base@2@H@Z 00435d30 f i libcpd:wiostrea.obj
 0001:00034d60       ?seekpos@?$basic_streambuf@GU?$char_traits@G@std@@@std@@MAE?AV?$fpos@H@2@V32@H@Z 00435d60 f i libcpd:wiostrea.obj
 0001:00034d90       ?setbuf@?$basic_streambuf@GU?$char_traits@G@std@@@std@@MAEPAV12@PAGH@Z 00435d90 f i libcpd:wiostrea.obj
 0001:00034da0       ?sync@?$basic_streambuf@GU?$char_traits@G@std@@@std@@MAEHXZ 00435da0 f i libcpd:wiostrea.obj
 0001:00034db0       ?imbue@?$basic_streambuf@GU?$char_traits@G@std@@@std@@MAEXABVlocale@2@@Z 00435db0 f i libcpd:wiostrea.obj
 0001:00034dc0       ??0?$basic_filebuf@GU?$char_traits@G@std@@@std@@QAE@W4_Uninitialized@1@@Z 00435dc0 f i libcpd:wiostrea.obj
 0001:00034e20       ??1?$basic_filebuf@GU?$char_traits@G@std@@@std@@UAE@XZ 00435e20 f i libcpd:wiostrea.obj
 0001:00034ec0       ?overflow@?$basic_filebuf@GU?$char_traits@G@std@@@std@@MAEGG@Z 00435ec0 f i libcpd:wiostrea.obj
 0001:000350e0       ?not_eof@?$char_traits@G@std@@SAGABG@Z 004360e0 f i libcpd:wiostrea.obj
 0001:00035130       ?out@?$codecvt@GDH@std@@QBEHAAHPBG1AAPBGPAD3AAPAD@Z 00436130 f i libcpd:wiostrea.obj
 0001:00035170       ?_Fputc@std@@YA_NGPAU_iobuf@@@Z 00436170 f i libcpd:wiostrea.obj
 0001:000351a0       ?pbackfail@?$basic_filebuf@GU?$char_traits@G@std@@@std@@MAEGG@Z 004361a0 f i libcpd:wiostrea.obj
 0001:00035330       ?_Ungetc@std@@YA_NGPAU_iobuf@@@Z 00436330 f i libcpd:wiostrea.obj
 0001:00035360       ?underflow@?$basic_filebuf@GU?$char_traits@G@std@@@std@@MAEGXZ 00436360 f i libcpd:wiostrea.obj
 0001:000353c0       ?uflow@?$basic_filebuf@GU?$char_traits@G@std@@@std@@MAEGXZ 004363c0 f i libcpd:wiostrea.obj
 0001:00035560       ?in@?$codecvt@GDH@std@@QBEHAAHPBD1AAPBDPAG3AAPAG@Z 00436560 f i libcpd:wiostrea.obj
 0001:000355a0       ?_Fgetc@std@@YA_NAAGPAU_iobuf@@@Z 004365a0 f i libcpd:wiostrea.obj
 0001:000355e0       ?seekoff@?$basic_filebuf@GU?$char_traits@G@std@@@std@@MAE?AV?$fpos@H@2@JW4seekdir@ios_base@2@H@Z 004365e0 f i libcpd:wiostrea.obj
 0001:00035670       ?seekpos@?$basic_filebuf@GU?$char_traits@G@std@@@std@@MAE?AV?$fpos@H@2@V32@H@Z 00436670 f i libcpd:wiostrea.obj
 0001:00035770       ?setbuf@?$basic_filebuf@GU?$char_traits@G@std@@@std@@MAEPAV?$basic_streambuf@GU?$char_traits@G@std@@@2@PAGH@Z 00436770 f i libcpd:wiostrea.obj
 0001:000357c0       ?sync@?$basic_filebuf@GU?$char_traits@G@std@@@std@@MAEHXZ 004367c0 f i libcpd:wiostrea.obj
 0001:00035800       ??_E?$basic_ostream@GU?$char_traits@G@std@@@std@@UAEPAXI@Z 00436800 f i libcpd:wiostrea.obj
 0001:00035800       ??_G?$basic_ostream@GU?$char_traits@G@std@@@std@@UAEPAXI@Z 00436800 f i libcpd:wiostrea.obj
 0001:00035840       ??_E?$basic_ios@GU?$char_traits@G@std@@@std@@UAEPAXI@Z 00436840 f i libcpd:wiostrea.obj
 0001:00035840       ??_G?$basic_ios@GU?$char_traits@G@std@@@std@@UAEPAXI@Z 00436840 f i libcpd:wiostrea.obj
 0001:00035870       ??_G?$basic_istream@GU?$char_traits@G@std@@@std@@UAEPAXI@Z 00436870 f i libcpd:wiostrea.obj
 0001:00035870       ??_E?$basic_istream@GU?$char_traits@G@std@@@std@@UAEPAXI@Z 00436870 f i libcpd:wiostrea.obj
 0001:000358b0       ??_G?$basic_streambuf@GU?$char_traits@G@std@@@std@@UAEPAXI@Z 004368b0 f i libcpd:wiostrea.obj
 0001:000358b0       ??_E?$basic_streambuf@GU?$char_traits@G@std@@@std@@UAEPAXI@Z 004368b0 f i libcpd:wiostrea.obj
 0001:000358e0       ??_E?$basic_filebuf@GU?$char_traits@G@std@@@std@@UAEPAXI@Z 004368e0 f i libcpd:wiostrea.obj
 0001:000358e0       ??_G?$basic_filebuf@GU?$char_traits@G@std@@@std@@UAEPAXI@Z 004368e0 f i libcpd:wiostrea.obj
 0001:00035910       ?clear@?$basic_ios@GU?$char_traits@G@std@@@std@@QAEXH_N@Z 00436910 f i libcpd:wiostrea.obj
 0001:00035950       ?init@?$basic_ios@GU?$char_traits@G@std@@@std@@IAEXPAV?$basic_streambuf@GU?$char_traits@G@std@@@2@_N@Z 00436950 f i libcpd:wiostrea.obj
 0001:000359c0       ?_Widen@std@@YAGDPAG@Z     004369c0 f i libcpd:wiostrea.obj
 0001:000359e0       ??0?$basic_ios@GU?$char_traits@G@std@@@std@@IAE@XZ 004369e0 f i libcpd:wiostrea.obj
 0001:00035a00       ??0?$basic_streambuf@GU?$char_traits@G@std@@@std@@IAE@XZ 00436a00 f i libcpd:wiostrea.obj
 0001:00035a60       ??0?$basic_streambuf@GU?$char_traits@G@std@@@std@@IAE@W4_Uninitialized@1@@Z 00436a60 f i libcpd:wiostrea.obj
 0001:00035a90       ?pubsync@?$basic_streambuf@GU?$char_traits@G@std@@@std@@QAEHXZ 00436a90 f i libcpd:wiostrea.obj
 0001:00035ab0       ?eback@?$basic_streambuf@GU?$char_traits@G@std@@@std@@IBEPAGXZ 00436ab0 f i libcpd:wiostrea.obj
 0001:00035ad0       ?gptr@?$basic_streambuf@GU?$char_traits@G@std@@@std@@IBEPAGXZ 00436ad0 f i libcpd:wiostrea.obj
 0001:00035af0       ?pptr@?$basic_streambuf@GU?$char_traits@G@std@@@std@@IBEPAGXZ 00436af0 f i libcpd:wiostrea.obj
 0001:00035b10       ?egptr@?$basic_streambuf@GU?$char_traits@G@std@@@std@@IBEPAGXZ 00436b10 f i libcpd:wiostrea.obj
 0001:00035b30       ?gbump@?$basic_streambuf@GU?$char_traits@G@std@@@std@@IAEXH@Z 00436b30 f i libcpd:wiostrea.obj
 0001:00035b70       ?epptr@?$basic_streambuf@GU?$char_traits@G@std@@@std@@IBEPAGXZ 00436b70 f i libcpd:wiostrea.obj
 0001:00035b90       ?_Gndec@?$basic_streambuf@GU?$char_traits@G@std@@@std@@IAEPAGXZ 00436b90 f i libcpd:wiostrea.obj
 0001:00035bd0       ?_Gninc@?$basic_streambuf@GU?$char_traits@G@std@@@std@@IAEPAGXZ 00436bd0 f i libcpd:wiostrea.obj
 0001:00035c10       ?pbump@?$basic_streambuf@GU?$char_traits@G@std@@@std@@IAEXH@Z 00436c10 f i libcpd:wiostrea.obj
 0001:00035c50       ?_Pninc@?$basic_streambuf@GU?$char_traits@G@std@@@std@@IAEPAGXZ 00436c50 f i libcpd:wiostrea.obj
 0001:00035c90       ?close@?$basic_filebuf@GU?$char_traits@G@std@@@std@@QAEPAV12@XZ 00436c90 f i libcpd:wiostrea.obj
 0001:00035cd0       ?_Init@?$basic_filebuf@GU?$char_traits@G@std@@@std@@IAEXPAU_iobuf@@W4_Initfl@12@@Z 00436cd0 f i libcpd:wiostrea.obj
 0001:00035db0       ?_Init@?$basic_streambuf@GU?$char_traits@G@std@@@std@@IAEXXZ 00436db0 f i libcpd:wiostrea.obj
 0001:00035e20       ?_Init@?$basic_streambuf@GU?$char_traits@G@std@@@std@@IAEXPAPAG0PAH001@Z 00436e20 f i libcpd:wiostrea.obj
 0001:00035e70       ?setg@?$basic_streambuf@GU?$char_traits@G@std@@@std@@IAEXPAG00@Z 00436e70 f i libcpd:wiostrea.obj
 0001:00035eb0       ?setp@?$basic_streambuf@GU?$char_traits@G@std@@@std@@IAEXPAG0@Z 00436eb0 f i libcpd:wiostrea.obj
 0001:00035f50       ?clear@ios_base@std@@QAEXH_N@Z 00436f50 f   libcpd:ios.obj
 0001:00036030       ??0runtime_error@std@@QAE@ABV01@@Z 00437030 f i libcpd:ios.obj
 0001:000360a0       ?what@runtime_error@std@@UBEPBDXZ 004370a0 f i libcpd:ios.obj
 0001:000360c0       ?_Doraise@runtime_error@std@@MBEXXZ 004370c0 f i libcpd:ios.obj
 0001:000360f0       ??1runtime_error@std@@UAE@XZ 004370f0 f i libcpd:ios.obj
 0001:00036150       ??_Gruntime_error@std@@UAEPAXI@Z 00437150 f i libcpd:ios.obj
 0001:00036150       ??_Eruntime_error@std@@UAEPAXI@Z 00437150 f i libcpd:ios.obj
 0001:00036180       ??0failure@ios_base@std@@QAE@ABV?$basic_string@DU?$char_traits@D@std@@V?$allocator@D@2@@2@@Z 00437180 f i libcpd:ios.obj
 0001:000361b0       ??0runtime_error@std@@QAE@ABV?$basic_string@DU?$char_traits@D@std@@V?$allocator@D@2@@1@@Z 004371b0 f i libcpd:ios.obj
 0001:00036220       ??1failure@ios_base@std@@UAE@XZ 00437220 f i libcpd:ios.obj
 0001:00036240       ?_Doraise@failure@ios_base@std@@MBEXXZ 00437240 f i libcpd:ios.obj
 0001:00036270       ??_Efailure@ios_base@std@@UAEPAXI@Z 00437270 f i libcpd:ios.obj
 0001:00036270       ??_Gfailure@ios_base@std@@UAEPAXI@Z 00437270 f i libcpd:ios.obj
 0001:000362a0       ??0failure@ios_base@std@@QAE@ABV012@@Z 004372a0 f i libcpd:ios.obj
 0001:000362d0       ?copyfmt@ios_base@std@@QAEAAV12@ABV12@@Z 004372d0 f   libcpd:ios.obj
 0001:000363b0       ??4locale@std@@QAEAAV01@ABV01@@Z 004373b0 f i libcpd:ios.obj
 0001:00036420       ?exceptions@ios_base@std@@QAEXH@Z 00437420 f i libcpd:ios.obj
 0001:00036450       ?iword@ios_base@std@@QAEAAJH@Z 00437450 f i libcpd:ios.obj
 0001:00036470       ?pword@ios_base@std@@QAEAAPAXH@Z 00437470 f i libcpd:ios.obj
 0001:00036490       ?imbue@ios_base@std@@QAE?AVlocale@2@ABV32@@Z 00437490 f   libcpd:ios.obj
 0001:00036520       ??0locale@std@@QAE@ABV01@@Z 00437520 f i libcpd:ios.obj
 0001:00036550       ?register_callback@ios_base@std@@QAEXP6AXW4event@12@AAV12@H@ZH@Z 00437550 f   libcpd:ios.obj
 0001:000365e0       ??0_Fnarray@ios_base@std@@QAE@HP6AXW4event@12@AAV12@H@ZPAU012@@Z 004375e0 f i libcpd:ios.obj
 0001:00036610       ??1ios_base@std@@UAE@XZ    00437610 f   libcpd:ios.obj
 0001:000366a0       ?_Callfns@ios_base@std@@AAEXW4event@12@@Z 004376a0 f   libcpd:ios.obj
 0001:000366f0       ?_Findarr@ios_base@std@@AAEAAU_Iosarray@12@H@Z 004376f0 f   libcpd:ios.obj
 0001:00036820       ??0_Iosarray@ios_base@std@@QAE@HPAU012@@Z 00437820 f i libcpd:ios.obj
 0001:00036860       ?_Addstd@ios_base@std@@IAEXXZ 00437860 f   libcpd:ios.obj
 0001:000368f0       ?_Init@ios_base@std@@IAEXXZ 004378f0 f   libcpd:ios.obj
 0001:00036980       ?_Tidy@ios_base@std@@AAEXXZ 00437980 f   libcpd:ios.obj
 0001:00036a20       ??0?$basic_string@DU?$char_traits@D@std@@V?$allocator@D@2@@std@@QAE@ABV01@@Z 00437a20 f i libcpd:ios.obj
 0001:00036a60       ??0?$basic_string@DU?$char_traits@D@std@@V?$allocator@D@2@@std@@QAE@PBDABV?$allocator@D@1@@Z 00437a60 f i libcpd:ios.obj
 0001:00036a90       ?c_str@?$basic_string@DU?$char_traits@D@std@@V?$allocator@D@2@@std@@QBEPBDXZ 00437a90 f i libcpd:ios.obj
 0001:00036ac0       ?assign@?$basic_string@DU?$char_traits@D@std@@V?$allocator@D@2@@std@@QAEAAV12@ABV12@II@Z 00437ac0 f i libcpd:ios.obj
 0001:00036c20       ?_Nullstr@?$basic_string@DU?$char_traits@D@std@@V?$allocator@D@2@@std@@CAPBDXZ 00437c20 f i libcpd:ios.obj
 0001:00036c30       ?capacity@?$basic_string@DU?$char_traits@D@std@@V?$allocator@D@2@@std@@QBEIXZ 00437c30 f i libcpd:ios.obj
 0001:00036c50       ??8std@@YA_NABV?$allocator@D@0@0@Z 00437c50 f i libcpd:ios.obj
 0001:00036cc0       ?classic@locale@std@@SAABV12@XZ 00437cc0 f   libcpd:locale0.obj
 0001:00036cf0       ?empty@locale@std@@SA?AV12@XZ 00437cf0 f   libcpd:locale0.obj
 0001:00036d80       ??0locale@std@@AAE@PAV_Locimp@01@@Z 00437d80 f i libcpd:locale0.obj
 0001:00036da0       ?_Getfacet@locale@std@@QBEPBVfacet@12@I_N@Z 00437da0 f   libcpd:locale0.obj
 0001:00036e50       ?_Iscloc@locale@std@@QBE_NXZ 00437e50 f   libcpd:locale0.obj
 0001:00036eb0       ??8locale@std@@QBE_NABV01@@Z 00437eb0 f   libcpd:locale0.obj
 0001:00036fd0       ?name@locale@std@@QBE?AV?$basic_string@DU?$char_traits@D@std@@V?$allocator@D@2@@2@XZ 00437fd0 f i libcpd:locale0.obj
 0001:00037010       ?_Init@locale@std@@CAPAV_Locimp@12@XZ 00438010 f   libcpd:locale0.obj
 0001:00037140       ?_Tidy@locale@std@@CAXXZ   00438140 f   libcpd:locale0.obj
 0001:000371d0       ??0_Locimp@locale@std@@AAE@_N@Z 004381d0 f   libcpd:locale0.obj
 0001:00037260       ??1facet@locale@std@@UAE@XZ 00438260 f i libcpd:locale0.obj
 0001:00037280       ??0facet@locale@std@@IAE@I@Z 00438280 f i libcpd:locale0.obj
 0001:000372b0       ??_Gfacet@locale@std@@UAEPAXI@Z 004382b0 f i libcpd:locale0.obj
 0001:000372b0       ??_Efacet@locale@std@@UAEPAXI@Z 004382b0 f i libcpd:locale0.obj
 0001:000372e0       ??_G_Locimp@locale@std@@UAEPAXI@Z 004382e0 f i libcpd:locale0.obj
 0001:000372e0       ??_E_Locimp@locale@std@@UAEPAXI@Z 004382e0 f i libcpd:locale0.obj
 0001:00037310       ??1_Locimp@locale@std@@UAE@XZ 00438310 f   libcpd:locale0.obj
 0001:00037400       ??4?$basic_string@DU?$char_traits@D@std@@V?$allocator@D@2@@std@@QAEAAV01@PBD@Z 00438400 f i libcpd:locale0.obj
 0001:00037420       ?compare@?$basic_string@DU?$char_traits@D@std@@V?$allocator@D@2@@std@@QBEHABV12@@Z 00438420 f i libcpd:locale0.obj
 0001:00037450       ?compare@?$basic_string@DU?$char_traits@D@std@@V?$allocator@D@2@@std@@QBEHPBD@Z 00438450 f i libcpd:locale0.obj
 0001:00037480       ?compare@?$basic_string@DU?$char_traits@D@std@@V?$allocator@D@2@@std@@QBEHIIPBDI@Z 00438480 f i libcpd:locale0.obj
 0001:00037530       ?compare@?$char_traits@D@std@@SAHPBD0I@Z 00438530 f i libcpd:locale0.obj
 0001:000375b0       ??3@YAXPAX@Z               004385b0 f   libcpd:delop.obj
 0001:000375d0       ?_Xlen@std@@YAXXZ          004385d0 f   libcpd:string.obj
 0001:00037630       ??0logic_error@std@@QAE@ABV01@@Z 00438630 f i libcpd:string.obj
 0001:000376a0       ?what@logic_error@std@@UBEPBDXZ 004386a0 f i libcpd:string.obj
 0001:000376c0       ?_Doraise@logic_error@std@@MBEXXZ 004386c0 f i libcpd:string.obj
 0001:000376f0       ??1logic_error@std@@UAE@XZ 004386f0 f i libcpd:string.obj
 0001:00037750       ??_Elogic_error@std@@UAEPAXI@Z 00438750 f i libcpd:string.obj
 0001:00037750       ??_Glogic_error@std@@UAEPAXI@Z 00438750 f i libcpd:string.obj
 0001:00037780       ??0length_error@std@@QAE@ABV?$basic_string@DU?$char_traits@D@std@@V?$allocator@D@2@@1@@Z 00438780 f i libcpd:string.obj
 0001:000377b0       ??0logic_error@std@@QAE@ABV?$basic_string@DU?$char_traits@D@std@@V?$allocator@D@2@@1@@Z 004387b0 f i libcpd:string.obj
 0001:00037820       ??1length_error@std@@UAE@XZ 00438820 f i libcpd:string.obj
 0001:00037840       ?_Doraise@length_error@std@@MBEXXZ 00438840 f i libcpd:string.obj
 0001:00037870       ??_Elength_error@std@@UAEPAXI@Z 00438870 f i libcpd:string.obj
 0001:00037870       ??_Glength_error@std@@UAEPAXI@Z 00438870 f i libcpd:string.obj
 0001:000378a0       ??0length_error@std@@QAE@ABV01@@Z 004388a0 f i libcpd:string.obj
 0001:000378d0       ?_Xran@std@@YAXXZ          004388d0 f   libcpd:string.obj
 0001:00037930       ??0out_of_range@std@@QAE@ABV?$basic_string@DU?$char_traits@D@std@@V?$allocator@D@2@@1@@Z 00438930 f i libcpd:string.obj
 0001:00037960       ??1out_of_range@std@@UAE@XZ 00438960 f i libcpd:string.obj
 0001:00037980       ?_Doraise@out_of_range@std@@MBEXXZ 00438980 f i libcpd:string.obj
 0001:000379b0       ??_Eout_of_range@std@@UAEPAXI@Z 004389b0 f i libcpd:string.obj
 0001:000379b0       ??_Gout_of_range@std@@UAEPAXI@Z 004389b0 f i libcpd:string.obj
 0001:000379e0       ??0out_of_range@std@@QAE@ABV01@@Z 004389e0 f i libcpd:string.obj
 0001:00037a70       __Mbrtowc                  00438a70 f   libcpd:xmbtowc.obj
 0001:00037c80       _btowc                     00438c80 f   libcpd:xmbtowc.obj
 0001:00037ce0       _mbrlen                    00438ce0 f   libcpd:xmbtowc.obj
 0001:00037d30       _mbrtowc                   00438d30 f   libcpd:xmbtowc.obj
 0001:00037db0       _mbsrtowcs                 00438db0 f   libcpd:xmbtowc.obj
 0001:00037ea0       ?_Nomemory@std@@YAXXZ      00438ea0 f   libcpd:nomemory.obj
 0001:00037f00       ??0bad_alloc@std@@QAE@PBD@Z 00438f00 f i libcpd:nomemory.obj
 0001:00037f30       ??1bad_alloc@std@@UAE@XZ   00438f30 f i libcpd:nomemory.obj
 0001:00037f50       ?_Doraise@bad_alloc@std@@MBEXXZ 00438f50 f i libcpd:nomemory.obj
 0001:00037f80       ??_Ebad_alloc@std@@UAEPAXI@Z 00438f80 f i libcpd:nomemory.obj
 0001:00037f80       ??_Gbad_alloc@std@@UAEPAXI@Z 00438f80 f i libcpd:nomemory.obj
 0001:00037fb0       ??0bad_alloc@std@@QAE@ABV01@@Z 00438fb0 f i libcpd:nomemory.obj
 0001:00037ff0       _ExitProcess@4             00438ff0 f   kernel32:KERNEL32.dll
 0001:00037ff6       _TerminateProcess@8        00438ff6 f   kernel32:KERNEL32.dll
 0001:00037ffc       _GetCurrentProcess@0       00438ffc f   kernel32:KERNEL32.dll
 0001:00038002       _IsBadWritePtr@8           00439002 f   kernel32:KERNEL32.dll
 0001:00038008       _IsBadReadPtr@8            00439008 f   kernel32:KERNEL32.dll
 0001:0003800e       _HeapValidate@12           0043900e f   kernel32:KERNEL32.dll
 0001:00038014       _GetLastError@0            00439014 f   kernel32:KERNEL32.dll
 0001:0003801a       _FindFirstFileA@8          0043901a f   kernel32:KERNEL32.dll
 0001:00038020       _FindNextFileA@8           00439020 f   kernel32:KERNEL32.dll
 0001:00038026       _FindClose@4               00439026 f   kernel32:KERNEL32.dll
 0001:0003802c       _FileTimeToSystemTime@8    0043902c f   kernel32:KERNEL32.dll
 0001:00038032       _FileTimeToLocalFileTime@8 00439032 f   kernel32:KERNEL32.dll
 0001:00038038       _GetCommandLineA@0         00439038 f   kernel32:KERNEL32.dll
 0001:0003803e       _GetVersion@0              0043903e f   kernel32:KERNEL32.dll
 0001:00038044       _HeapAlloc@12              00439044 f   kernel32:KERNEL32.dll
 0001:0003804a       _DebugBreak@0              0043904a f   kernel32:KERNEL32.dll
 0001:00038050       _GetStdHandle@4            00439050 f   kernel32:KERNEL32.dll
 0001:00038056       _WriteFile@20              00439056 f   kernel32:KERNEL32.dll
 0001:0003805c       _InterlockedDecrement@4    0043905c f   kernel32:KERNEL32.dll
 0001:00038062       _OutputDebugStringA@4      00439062 f   kernel32:KERNEL32.dll
 0001:00038068       _GetProcAddress@8          00439068 f   kernel32:KERNEL32.dll
 0001:0003806e       _LoadLibraryA@4            0043906e f   kernel32:KERNEL32.dll
 0001:00038074       _InterlockedIncrement@4    00439074 f   kernel32:KERNEL32.dll
 0001:0003807a       _GetModuleFileNameA@12     0043907a f   kernel32:KERNEL32.dll
 0001:00038080       _HeapReAlloc@16            00439080 f   kernel32:KERNEL32.dll
 0001:00038086       _HeapFree@12               00439086 f   kernel32:KERNEL32.dll
 0001:0003808c       _VirtualFree@12            0043908c f   kernel32:KERNEL32.dll
 0001:00038092       _VirtualAlloc@16           00439092 f   kernel32:KERNEL32.dll
 0001:00038098       _GetModuleHandleA@4        00439098 f   kernel32:KERNEL32.dll
 0001:0003809e       _GetEnvironmentVariableA@12 0043909e f   kernel32:KERNEL32.dll
 0001:000380a4       _GetVersionExA@4           004390a4 f   kernel32:KERNEL32.dll
 0001:000380aa       _HeapDestroy@4             004390aa f   kernel32:KERNEL32.dll
 0001:000380b0       _HeapCreate@12             004390b0 f   kernel32:KERNEL32.dll
 0001:000380b6       _CloseHandle@4             004390b6 f   kernel32:KERNEL32.dll
 0001:000380bc       _RaiseException@16         004390bc f   kernel32:KERNEL32.dll
 0001:000380c2       _UnhandledExceptionFilter@4 004390c2 f   kernel32:KERNEL32.dll
 0001:000380c8       _FreeEnvironmentStringsA@4 004390c8 f   kernel32:KERNEL32.dll
 0001:000380ce       _FreeEnvironmentStringsW@4 004390ce f   kernel32:KERNEL32.dll
 0001:000380d4       _WideCharToMultiByte@32    004390d4 f   kernel32:KERNEL32.dll
 0001:000380da       _GetEnvironmentStrings@0   004390da f   kernel32:KERNEL32.dll
 0001:000380e0       _GetEnvironmentStringsW@0  004390e0 f   kernel32:KERNEL32.dll
 0001:000380e6       _SetHandleCount@4          004390e6 f   kernel32:KERNEL32.dll
 0001:000380ec       _GetFileType@4             004390ec f   kernel32:KERNEL32.dll
 0001:000380f2       _GetStartupInfoA@4         004390f2 f   kernel32:KERNEL32.dll
 0001:000380f8       _RtlUnwind@16              004390f8 f   kernel32:KERNEL32.dll
 0001:000380fe       _SetConsoleCtrlHandler@8   004390fe f   kernel32:KERNEL32.dll
 0001:00038104       _MultiByteToWideChar@24    00439104 f   kernel32:KERNEL32.dll
 0001:0003810a       _GetStringTypeA@20         0043910a f   kernel32:KERNEL32.dll
 0001:00038110       _GetStringTypeW@16         00439110 f   kernel32:KERNEL32.dll
 0001:00038116       _GetTimeZoneInformation@4  00439116 f   kernel32:KERNEL32.dll
 0001:0003811c       _ReadFile@20               0043911c f   kernel32:KERNEL32.dll
 0001:00038122       _SetStdHandle@8            00439122 f   kernel32:KERNEL32.dll
 0001:00038128       _FlushFileBuffers@4        00439128 f   kernel32:KERNEL32.dll
 0001:0003812e       _CreateFileA@28            0043912e f   kernel32:KERNEL32.dll
 0001:00038134       _SetFilePointer@16         00439134 f   kernel32:KERNEL32.dll
 0001:0003813a       _GetCPInfo@8               0043913a f   kernel32:KERNEL32.dll
 0001:00038140       _GetACP@0                  00439140 f   kernel32:KERNEL32.dll
 0001:00038146       _GetOEMCP@0                00439146 f   kernel32:KERNEL32.dll
 0001:0003814c       _SetEndOfFile@4            0043914c f   kernel32:KERNEL32.dll
 0001:00038152       _LCMapStringA@24           00439152 f   kernel32:KERNEL32.dll
 0001:00038158       _LCMapStringW@24           00439158 f   kernel32:KERNEL32.dll
 0001:0003815e       _CompareStringA@24         0043915e f   kernel32:KERNEL32.dll
 0001:00038164       _CompareStringW@24         00439164 f   kernel32:KERNEL32.dll
 0001:0003816a       _SetEnvironmentVariableA@8 0043916a f   kernel32:KERNEL32.dll
 0001:00038170       __strlwr                   00439170 f   LIBCD:strlwr.obj
 0001:00038170       _strlwr                    00439170 f   LIBCD:strlwr.obj
 0001:00038270       ?_JumpToContinuation@@YGXPAXPAUEHRegistrationNode@@@Z 00439270 f   LIBCD:trnsctrl.obj
 0001:000382b0       ?_CallMemberFunction0@@YGXPAX0@Z 004392b0 f   LIBCD:trnsctrl.obj
 0001:000382c0       ?_CallMemberFunction1@@YGXPAX00@Z 004392c0 f   LIBCD:trnsctrl.obj
 0001:000382d0       ?_CallMemberFunction2@@YGXPAX00H@Z 004392d0 f   LIBCD:trnsctrl.obj
 0001:000382e0       ?_UnwindNestedFrames@@YGXPAUEHRegistrationNode@@PAUEHExceptionRecord@@@Z 004392e0 f   LIBCD:trnsctrl.obj
 0001:00038340       ___CxxFrameHandler         00439340 f   LIBCD:trnsctrl.obj
 0001:00038380       ___CxxLongjmpUnwind@4      00439380 f   LIBCD:trnsctrl.obj
 0001:000383b0       ?_CallCatchBlock2@@YAPAXPAUEHRegistrationNode@@PBU_s_FuncInfo@@PAXHK@Z 004393b0 f   LIBCD:trnsctrl.obj
 0001:00038460       ?_CallSETranslator@@YAHPAUEHExceptionRecord@@PAUEHRegistrationNode@@PAX2PBU_s_FuncInfo@@H1@Z 00439460 f   LIBCD:trnsctrl.obj
 0001:000385c0       ?_GetRangeOfTrysToCheck@@YAPBU_s_TryBlockMapEntry@@PBU_s_FuncInfo@@HHPAI1@Z 004395c0 f   LIBCD:trnsctrl.obj
 0001:00038650       ??1type_info@@UAE@XZ       00439650 f   LIBCD:typinfo.obj
 0001:00038680       ??_Gtype_info@@UAEPAXI@Z   00439680 f i LIBCD:typinfo.obj
 0001:00038680       ??_Etype_info@@UAEPAXI@Z   00439680 f i LIBCD:typinfo.obj
 0001:000386b0       ??8type_info@@QBEHABV0@@Z  004396b0 f   LIBCD:typinfo.obj
 0001:000386e0       ??9type_info@@QBEHABV0@@Z  004396e0 f   LIBCD:typinfo.obj
 0001:00038710       ?before@type_info@@QBEHABV1@@Z 00439710 f   LIBCD:typinfo.obj
 0001:00038740       ?raw_name@type_info@@QBEPBDXZ 00439740 f   LIBCD:typinfo.obj
 0001:00038760       ??0type_info@@AAE@ABV0@@Z  00439760 f   LIBCD:typinfo.obj
 0001:00038780       ??4type_info@@AAEAAV0@ABV0@@Z 00439780 f   LIBCD:typinfo.obj
 0001:00038790       _fwrite                    00439790 f   LIBCD:fwrite.obj
 0001:000389b0       _fputc                     004399b0 f   LIBCD:fputc.obj
 0001:00038a50       _putc                      00439a50 f   LIBCD:fputc.obj
 0001:00038a70       _fgetc                     00439a70 f   LIBCD:fgetc.obj
 0001:00038b00       _getc                      00439b00 f   LIBCD:fgetc.obj
 0001:00038b20       _fgetpos                   00439b20 f   LIBCD:fgetpos.obj
 0001:00038b60       _fseek                     00439b60 f   LIBCD:fseek.obj
 0001:00038c90       _fsetpos                   00439c90 f   LIBCD:fsetpos.obj
 0001:00038cb0       _setvbuf                   00439cb0 f   LIBCD:setvbuf.obj
 0001:00038e10       ??2@YAPAXI@Z               00439e10 f   LIBCD:new.obj
 0001:00038e30       _fputwc                    00439e30 f   LIBCD:fputwc.obj
 0001:00039060       _putwc                     0043a060 f   LIBCD:fputwc.obj
 0001:00039080       _ungetwc                   0043a080 f   LIBCD:ungetwc.obj
 0001:000392e0       _fgetwc                    0043a2e0 f   LIBCD:fgetwc.obj
 0001:000394b0       _getwc                     0043a4b0 f   LIBCD:fgetwc.obj
 0001:000394d0       ??0exception@@QAE@XZ       0043a4d0 f   LIBCD:stdexcpt.obj
 0001:00039500       ??_Eexception@@UAEPAXI@Z   0043a500 f i LIBCD:stdexcpt.obj
 0001:00039500       ??_Gexception@@UAEPAXI@Z   0043a500 f i LIBCD:stdexcpt.obj
 0001:00039530       ??0exception@@QAE@ABQBD@Z  0043a530 f   LIBCD:stdexcpt.obj
 0001:000395a0       ??0exception@@QAE@ABV0@@Z  0043a5a0 f   LIBCD:stdexcpt.obj
 0001:00039630       ??4exception@@QAEAAV0@ABV0@@Z 0043a630 f   LIBCD:stdexcpt.obj
 0001:00039660       ??1exception@@UAE@XZ       0043a660 f   LIBCD:stdexcpt.obj
 0001:000396a0       ?what@exception@@UBEPBDXZ  0043a6a0 f   LIBCD:stdexcpt.obj
 0001:000396d0       __CxxThrowException@8      0043a6d0 f   LIBCD:throw.obj
 0001:00039720       _memcmp                    0043a720 f   LIBCD:memcmp.obj
 0001:000397d0       ___InternalCxxFrameHandler 0043a7d0 f   LIBCD:frame.obj
 0001:00039d40       ___FrameUnwindToState      0043ad40 f   LIBCD:frame.obj
 0001:0003a350       ?_DestructExceptionObject@@YAXPAUEHExceptionRecord@@E@Z 0043b350 f   LIBCD:frame.obj
 0001:0003a430       __CallSettingFrame@12      0043b430 f   LIBCD:lowhelpr.obj
 0001:0003a457       __NLG_Return               0043b457 f   LIBCD:lowhelpr.obj
 0001:0003a480       ?terminate@@YAXXZ          0043b480 f   LIBCD:hooks.obj
 0001:0003a510       ?unexpected@@YAXXZ         0043b510 f   LIBCD:hooks.obj
 0001:0003a530       ?_inconsistency@@YAXXZ     0043b530 f   LIBCD:hooks.obj
 0001:0003a5c0       __ftelli64                 0043b5c0 f   LIBCD:ftelli64.obj
 0001:0003a8b0       _ftell                     0043b8b0 f   LIBCD:ftell.obj
[...]
 0001:000340c0       _$E48                      004350c0 f   libcpd:wiostrea.obj
 0001:000340e0       _$E47                      004350e0 f   libcpd:wiostrea.obj
 0001:00034120       _$E54                      00435120 f   libcpd:wiostrea.obj
 0001:00034130       _$E51                      00435130 f   libcpd:wiostrea.obj
 0001:00034150       _$E53                      00435150 f   libcpd:wiostrea.obj
 0001:00034170       _$E52                      00435170 f   libcpd:wiostrea.obj
 0001:00034180       _$E59                      00435180 f   libcpd:wiostrea.obj
 0001:00034190       _$E56                      00435190 f   libcpd:wiostrea.obj
 0001:000341b0       _$E58                      004351b0 f   libcpd:wiostrea.obj
 0001:000341d0       _$E57                      004351d0 f   libcpd:wiostrea.obj
 0001:00035ef0       _$E70                      00436ef0 f   libcpd:wiostrea.obj
 0001:00035f10       _$E66                      00436f10 f   libcpd:wiostrea.obj
 0001:00035f30       _$E69                      00436f30 f   libcpd:wiostrea.obj
 0001:00031250       _$E18                      00432250 f   libcpd:iostream.obj
 0001:00031260       _$E15                      00432260 f   libcpd:iostream.obj
 0001:00031280       _$E17                      00432280 f   libcpd:iostream.obj
 0001:000312a0       _$E16                      004322a0 f   libcpd:iostream.obj
 0001:000312b0       _$E23                      004322b0 f   libcpd:iostream.obj
 0001:000312c0       _$E20                      004322c0 f   libcpd:iostream.obj
 0001:000312e0       _$E22                      004322e0 f   libcpd:iostream.obj
 0001:00031300       _$E21                      00432300 f   libcpd:iostream.obj
 0001:00031310       _$E28                      00432310 f   libcpd:iostream.obj
 0001:00031320       _$E25                      00432320 f   libcpd:iostream.obj
 0001:00031340       _$E27                      00432340 f   libcpd:iostream.obj
 0001:00031360       _$E26                      00432360 f   libcpd:iostream.obj
 0001:000313a0       _$E33                      004323a0 f   libcpd:iostream.obj
 0001:000313b0       _$E30                      004323b0 f   libcpd:iostream.obj
 0001:000313d0       _$E32                      004323d0 f   libcpd:iostream.obj
 0001:000313f0       _$E31                      004323f0 f   libcpd:iostream.obj
 0001:00031430       _$E38                      00432430 f   libcpd:iostream.obj
 0001:00031440       _$E35                      00432440 f   libcpd:iostream.obj
 0001:00031460       _$E37                      00432460 f   libcpd:iostream.obj
 0001:00031480       _$E36                      00432480 f   libcpd:iostream.obj
 0001:00031490       _$E43                      00432490 f   libcpd:iostream.obj
 0001:000314a0       _$E40                      004324a0 f   libcpd:iostream.obj
 0001:000314c0       _$E42                      004324c0 f   libcpd:iostream.obj
 0001:000314e0       _$E41                      004324e0 f   libcpd:iostream.obj
 0001:000314f0       _$E48                      004324f0 f   libcpd:iostream.obj
 0001:00031500       _$E45                      00432500 f   libcpd:iostream.obj
 0001:00031520       _$E47                      00432520 f   libcpd:iostream.obj
 0001:00031540       _$E46                      00432540 f   libcpd:iostream.obj
 0001:00033da0       _$E60                      00434da0 f   libcpd:iostream.obj
 0001:00033dc0       _$E56                      00434dc0 f   libcpd:iostream.obj
 0001:00033e10       _$E59                      00434e10 f   libcpd:iostream.obj

FIXUPS: 3492c 10 1c 29 1d f 1f 6b e 68 64 23 22 4c 16 1b 2e 7955 ffff8758
FIXUPS: 34d2a 2e 3d f 5 5 5 16 50 fffff472 82ac b ffff7d7e 238 13 3a e
FIXUPS: 34567 1e 47 d9 46 17 1d 18 26 a 18 17 21 1a 13 24 15 2f c 25 50
FIXUPS: 348e4 1f c fffff41f 1d 13 1f 2e 20 23 f 26 22 8 49 1d 15 28 1b
FIXUPS: 33f2b 13 6d 17 28 11 74 30 11 15 14 22 25 2b 13 115 fffff6e9 13
FIXUPS: 33993 14 a c a 22 4b 17 11 28 2b e 21 1f 17 11 22 1a 17 4c 46 34
FIXUPS: 33c54 27 13 20 16 27 13 1d fffff999 10 11 1e 9 19 13 f 13 6 1f
FIXUPS: 33785 1d 4a c a c 6 3a c a c 6 16 1e 15 d 2a c 11 16 27 fffffad1
FIXUPS: 33439 1e 9 19 1b 1a 16 f c 1f 29 10 20 6 15 18 19 d 15 16 22 21
FIXUPS: 3362e a 9 10 14 9 13 14 9 fffff9f5 17 46 3f c a 29 6 2a b 17 10
FIXUPS: 33221 30 71 14 921e b ffff6e4f 1f 1b f 917d c b ffff6e91 10 15
FIXUPS: 333f1 c a d 90ac ffff6880 12 1b 9767 c b ffff68af d b 8 23 20 2a
FIXUPS: 32e6d 3b 2f 11 30 30 20 10 11 d 6 63 c a 25 a 2a 15 934f 12 12
FIXUPS: 3c404 ffff64b9 28 17 a a 4b 48 9a82 b ffff65db 34 9a16 b ffff663e
FIXUPS: 32ab9 7 23 18 49 21 c 9a 46 9834 b ffff681b 34 97d6 ffff5ff8 1c
FIXUPS: 324e9 b 5 14 1c 20 29 32 1d 20 25 20 25 24 25 26 31 c 20 25 26
FIXUPS: 32793 16 c 26 31 9b7e 12 12 12 ffffab79 ffffb31b 5 12 1e 20 b 5
FIXUPS: 322cb 1e 20 b 5 14 1c 20 15 b 1b 5 14 1c 20 15 b 1b 5 12 1e 20
FIXUPS: 32494 5 43e5 16 27 13 1d 13 41 30 12 15 14 1f 22 38 18 5cdc b ffffa34e
FIXUPS: 36ca8 13 3a e 14 1e 44 8e e df 5 5 5 16 fffff560 c 11 16 27 c 13
FIXUPS: 36516 14 a c a 5f 5b 17 11 28 2b e 21 1f 17 11 22 1a 17 4e 44 34
FIXUPS: 36824 27 13 fffff998 9 14 14 9 16 11 11 1e 9 1b 15 f 13 6 1f 17
FIXUPS: 3633d 2f c a c 6 3a c a c 6 16 1e 15 e fffffaa4 10 c a d e 1a 1e
FIXUPS: 35f73 1b 1d 1b 16 f c 1f 29 10 20 6 17 1b 1b f 1f 1a 73 31 10 a
FIXUPS: 361d1 11 fffff8e3 27 a 2d 16 11 17 4f 8f c a 2b 6 2d b 18 11 5a
FIXUPS: 35d71 71 14 68de b ffff977f 1f 1b f 684d c b ffff97c0 11 fffff7d2
FIXUPS: 356c9 7 23 21 21 c 9a 46 6e44 b ffff920b 34 6de6 b ffff9270 12
FIXUPS: 3593d 6d77 c b ffff92ac 11 30 30 21 11 11 e 6 70 c fffff889 25
FIXUPS: 3538f 32 c 26 31 16 c 26 31 70cd 12 12 12 12 12 12 e ffff8ee9 28
FIXUPS: 3550c a a 4b 48 7052 b ffff900b 34 6fe6 b ffff89c9 14 1c 20 15
FIXUPS: 35079 1b 5 14 1c 20 15 b 1b 5 14 1c 20 b 5 14 1c 20 29 32 1d 20
FIXUPS: 35296 20 25 20 25 2882 15 20 15 10 f ffffd239 5 10 10 20 b 5 10
FIXUPS: 34eb9 20 b 5 12 1e 20 b 5 12 1e 20 b 5 12 1e 20 b 273e 6e 26 2d
FIXUPS: 3c814 a c ffffb043 73 23 14 54 24 2e 3d 3d 14 2c c 20 2a a 8 31
FIXUPS: 37b1e 17 11 9 19 16 8 e fffff6fa 21 3a 12 68 17 14 f 2e 3b 3a 1f
FIXUPS: 3747f 41 16 a c 17 52b1 b ffffad78 3a 2a 2d 520d c ffffae96 12
FIXUPS: 3c7f7 b ffffaf1f 13 e2a 5 16 20 ffffea08 55 13 e 571d b ffffa915
FIXUPS: 3706d 56e7 b ffffa94f 23 e 44 f 5642 b ffffa9dc 13 21 4e 16 55a1
FIXUPS: 3c79f ffffaa95 1d e 1c 5639 b ffffb935 42 469e b ffffb9dc 13 1d
FIXUPS: 382fe 44 3c 35 f f f 4514 c 9 b ffffbafb 1c 9 12 16 19 20 48 9
FIXUPS: 38540 14 5 fffff8e5 1f 47 47 18 10 1d 15 14 c 32 48bd 9 9 b ffffb77c
FIXUPS: 3802f 1b 1a 29 23 15 c 1f 2d 4767 a 10 e ffffb8b3 1b 36 769 408b
FIXUPS: 3c9af ffffbf90 35 1d e 1c 13 21 25 5 5 5 16 20 fffffb5f fffff6ac
FIXUPS: 37c69 12 1e 20 e 8 f 35 7 1d 25 4ad9 c ffffb56c 10b8 fffff793 13
FIXUPS: 38619 430b b ffffbd25 19 42d7 b ffffbd5f 23 e 44 f 4232 b ffffbdec
FIXUPS: 3876e 21 4e 16 4191 b ffffbea5 1d e 1c 13 21 49 13 fffe3272 7c
FIXUPS: 1bc23 28 ffffdef2 12 1d 20 1e 20 8d 12 13 19 1f239 a 10 e 19 35
FIXUPS: 38f61 e 1c 13 21 2a fffffab3 214 63 51 33 69 fffe226d 2b 39 20
FIXUPS: 1b13a 33 142 23 1c 59 84 58 bf fd 76 11e a1 20 31 28 4f 3a 31 18
FIXUPS: 1b9a4 18 1f 8c 69 2a 34 39 ffffed47 34 3b 2b 3b 45 2b c 41 6b 56
FIXUPS: 1ab37 c 2b 1c 2c 1c 18 1f 62 51 60 5a ac 4e 51 2b 28 28 28 ac 2b
FIXUPS: 1a0df 34 3e 52 38 3c 21 1b 1c 6b 28 32 4f 18 1f 5b 66 25 25 b3
FIXUPS: 1a591 59 5f 54 86 38 1f 2a 1c 50 1d 1f 1b63 fffffe7e 2d 12 6c 2d
FIXUPS: 1c31d fffffee5 fffffb22 15 15 28 e0 15 15 28 ea ffffdd73 36 27
FIXUPS: 19d85 20 29 2f 1c 69 28 5f 54 21 128 1e 2ae4 33 8c 34 fffffd5c
FIXUPS: 1c9fc a ffffff16 2a 45 4b fffffe2a 2e 2a 2e 14 22 22 fffffe98 2a
FIXUPS: 1c7c0 fffffefc 27 f f 27 fffffee0 3f d fffffe98 2a 75 bcd fffffd56
FIXUPS: 1cec2 1b 25 14 10 d 10 b 3d 3b 14 60 7 14 7 fffffd7b 12 18 16 10
FIXUPS: 1ce43 31 10 fffffec2 2a 1e 17 13 fffffd02 85 b96 fffffe4c 2b 28
FIXUPS: 1d58a 1d 29 25 fffffded 2e 28 1e 2c 12 21 20 25 fffffda8 2e 28
FIXUPS: 1d316 2c 12 21 20 25 fffffcfd 12 2a 10 1b 2a 874 10 fffffebb 12
FIXUPS: 1d8bf 10 5 35 10 fffffe9e 12 3a 10 29 2a 10 ffffff20 a ffffff47
FIXUPS: 1d6f9 2a 10 1b 2a 10 fffffe8f 12 14 24 10 2a 2a 674 29 3b 51 fffffd41
FIXUPS: 1db3d f 10 a 5 5 25 f 17 10 22 9 27 9 fffffdc1 12 14 22 10 2c 2a
FIXUPS: 1daa5 fffffe82 12 2c 10 1d d52 36 fffff85f 10b 2a 18 38 16 2b 14
FIXUPS: 1e181 18 18 7a 63 34 47 1e d 2f 15 11 1d 21 14 26 19d 18 19 19
FIXUPS: 1e5f2 fffff71d 3413 102 119 ffffd958 1b 64 fffffebb 19 38 1d fffffb6a
FIXUPS: 1e7be 31 30 18 3f c 13 70 10 5c 62 37 1b 40 14 59 14 3f 6b fffffaa5
FIXUPS: 1e664 3c93 10 29 2a fffffe78 36 fffffde8 82 2a fffffecf 45 ffffff09
FIXUPS: 21a79 b6 7f 24 62 38 61 18 28 ffffd0c6 23 3c 6ef 192 19 de0 7e5
FIXUPS: 20ec7 11a 9e 2416 4a 3d 76 6c 62 20 77 27 70 46 31 35 44 35 1c
FIXUPS: 23a16 8a 32 24 f ffffe917 e 28 76 6e 7d 41 fffffd99 3a ffffff09
FIXUPS: 222eb 422 19 a4 1aa 1d 118 1de 32 97 1f 58 a8 28 33 43 64 46 41
FIXUPS: 2300a 2f 4d 23 10 70 24 5a 46 2f c1 24 e5 39 1608 1e 2a 1b 11d
FIXUPS: 24bcc 122 1e 30 75 32 22 26 170 55 53 ffffef7d 108 10 3e 54 4b
FIXUPS: 241dd fffffd42 fffffc37 2a 2a 227 ffffe875 2d 47 4a 2eec 34 35
FIXUPS: 256c4 12 29 43 5a 3d 33 3c 38 1c 1a 18 17 fffff895 ffffff54 fffff248
FIXUPS: 2434a 24 cb 67 133 18 21 34 30 a8 e2 142 ba 19a9 1d 27 fffffb6d
FIXUPS: 25f62 1d 5 55 3c 7 2f b2 15 fffffd38 5e 7 fffffead fffffbf4 21
FIXUPS: 259ef c8 33 49 fffff66b 28 19f 20 57 14 32 64 140 1d2e fffff167
FIXUPS: 26478 53 1d 2b 2c c 3a e 11 2f 44 c 3e e 11 182 1d8 1ac 2b 33 1b6
FIXUPS: 26e8e 27 36 44 c 10 16 c fffff36a 2362 fffffe4f fffffca0 13 dd
FIXUPS: 28457 fffffb8d 4a 94 2b fffff903 56 1e 13 22 fffffe07 36 28 1f
FIXUPS: 27946 26 17 12 1c fffffcda fffffdc1 3d 49 132 31 fffffae5 1c3 1a13
FIXUPS: 28d34 4b fffffe4d 2a 44 4b fffffc49 18 11b 21 4b 5d 17 b5 fffffade
FIXUPS: 28690 77 3a 59 15 17 1d 14 13 14 1a 19 fffffd76 d 11 2f 22c6 2a3
FIXUPS: 29ec6 4b 15d 19 18 c 25 15 3b 5b 52 6c c7 53 66 53 25 23 fffff9b3
FIXUPS: 29e24 fffffb2e 48 141 52 35 140 fffff232 182 35 fffffc3b 2f00 152
FIXUPS: 2bd85 238 13 ffffeda4 41 8c 14 26f 19 1c 13 2a 3a 10 13 16 26 1e
FIXUPS: 2b22e 93 20 68 82 10 30 10 30 10 fffff783 37 22a9 5f fffffb8a 4d
FIXUPS: 2cb34 40 43 4d 40 43 50 50 4d 65 60 fffffb20 fffffec8 35 18 a6
FIXUPS: 2c924 fffffca0 1ae fffffd6f fffffc53 2bf 2d 2f fffff2eb 14d eb
FIXUPS: 2bb3a 25f7 72 13 24 17 fffffea5 fffffe19 29 ffffffa0 17 fffffe26
FIXUPS: 2dd5c fffffa75 21 21 24 2a 23 fffffcdd 59 fffffa5a 2a0 5a 34 37
FIXUPS: 2d3d9 21 20 1d 11 15 15 21d1 111 43 107 4a 12 5 25e 35 35 1e8 fffff271
FIXUPS: 2f041 2b 28 1e 2c 38 16 22 23 ac 4e 23 125 1c 2b 37 1d 2b 13 b7
FIXUPS: 309e7 49 11 71 5f 1d c 47 fffffd5d 2b fffffcbf 70 4f 1df fffff861
FIXUPS: 300e8 35 35 13a c 10 c 27 6c fffffc87 29 19 2c fffffde9 a7 fffff74f
FIXUPS: 2f63e 1e46 2c 3a 26 1c 5e 25 28 31 43 28 31 16 14 fffff964 43 33
FIXUPS: 310cc bd 2d 9b 32 43 c 10 c fffff947 98 f6 fffffb76 73 1c 8886
FIXUPS: 3925c ffff8f3a fffffbae 45 29 3a 40 3e 33 4b 59 5a c 19 42 3c a7
FIXUPS: 320fe 28 c 21 fffff822 19 d9 13f 9e fffffb3c 43 ffffff4b fffffd23
FIXUPS: 3145c 878b 1b 6c fffffebb ffffff67 50 28 fffffec8 5f 2d fffffdd3
FIXUPS: 39889 4f 79 fffffd20 1a 13 28 30 30 fffffbe2 60 33 63 4f 131 19
FIXUPS: 395e4 4a fffffbb9 20 31 12e6 2b c 2a 50 c 2b 3d c 3a fffffcf8 7f
FIXUPS: 3a420 27 56 1b fffffbe8 68 68 fffffd27 71 72 58 74 27 fffffdae
FIXUPS: 39cd7 50 c 5a ffffff17 fffffedd 139e 92 18 20 62 a f3 12 24 f 1f
FIXUPS: 3b1be 1e 26 f 1c 12 21 d a 13 16 13 28 14 15 14 7 17 6b 20 fffff14a
FIXUPS: 3b4eb 38 78 fffffeb4 22 fffff37a 32 92 3f 6a 15 31 51 ba 3c 27
FIXUPS: 3ab43 a 3f 25 b2 65 ce 36 12 38 4c 31 16 f 17 37 fffc63b7 19 2e
FIXUPS: 3c2d0 55 ffffff31 a a fffffee0 14 fffffde2 86 2a fffffcc0 10c 10
FIXUPS: 3be0a 54 4b 3a fffffc7d 66 23 6e fffffc79 3e 146 70 fffffb1c 40
FIXUPS: 3b788 85 fffde164 16 16 16 34 16 c 10 19 27 5 d 73 10 fffe754e
FIXUPS: 1057 27 19 10 2f 9 19 2e c 15 30 3d 15 c 23 4f 3b 166bb 40 46 4d1
FIXUPS: 17eb6 b7 20 3f 15 11 18 1389 45 6b 4e 21 1cf 2b 1f 37 a9 2f 31
FIXUPS: 1985c 62 11 15 1f 16 16 16 16 ffffd210 16 20 c8 20 22 18 22 16
FIXUPS: 16d21 2c 388 16 16 22 16 26 1f 28 20 22 18 22 16 26 2c 6e 99 ae
FIXUPS: 1747f 2e 3e2 ffffe8cf 54 147 54 d4 16 3a 18 22 1c 16 20 cc 20 22
FIXUPS: 16623 22 16 26 2c 2e9 16 3a 18 22 1c 16 20 8d 16 18 22 ffffe766
FIXUPS: 152e3 4c 60 16 8 2e 20 6 b9 23 5d 31 25 5e 25 5e 25 5b 63 56a 78
FIXUPS: 15d4c 1c 14 53 42 43 e6 1e 14 f5 ffffee97 12 12 12 12 12 12 12
FIXUPS: 14f88 12 12 12 47 1e 14 12 12 12 12 12 12 12 12 12 12 12 12 12
FIXUPS: 15137 46 13 5e fffff5a7 19 19 19 19 27 2b 2b 2b 2b 2b 2b 2b 2b
FIXUPS: 149b0 33 1d 17 12 12 12 359 14 5b f 22 1c 29 1e 14 17 12 fffff51b
FIXUPS: 14410 1c 1b f 1a f 1c 1b f 1a f 1c 3b 2d 2d 2d 36 27 27 19 19 19
FIXUPS: 146b4 19 19 19 19 19 19 19 19 fffff7af 36 24 51 3b 12 10 2e 13
FIXUPS: 1408b 17 15 a d 83 58 42 14 26 26 26 26 23 23 23 69 f 1a f 1c 1b
FIXUPS: 143e7 fffff516 3d 20 3b 38 23 2f 1a 10 36 22 2c 9 10 2d 20 62 1f
FIXUPS: 13bca 33 8e 66 13 49 28 3a 62 13 38 22 37 28 fffff103 59 44 13
FIXUPS: 13147 59 88 3e 11 81 31 3b 2a 30 20 17 57 5f 3e 2c 10 77 1c 38
FIXUPS: 1372b 8 14 8 95 e 71 1a ffffeca5 54 54 54 13 20 13 15 14 10 100
FIXUPS: 127a5 21 13 232 7d 53 78 7b 24 1f 16 65 4b 51 57 51 53 59 59 59
FIXUPS: 12f87 ffffe517 2a1 13 19 1d 2c 17 1d 5b 13 8 20 49 145 17 3a 1c
FIXUPS: 11a90 3a 1c 17 4bc 1fb 13 e5 40 4c 4c 4e 54 54 54 ffffe7af 48 e
FIXUPS: 10d19 e 46 e 1b f f c9 215 4a a4 21 13 8 15 14 c3 2a 13 2e 1a 3d
FIXUPS: 11381 3d 1c 17 3d 1c 17 fffff248 19 17 19 17 16 150 1b 18 29 9
FIXUPS: 10903 14 1b 38 1f 18 35 30 4c 33 25 13 4f 13 2a 28 8e 16 16 32
FIXUPS: 10c6d fffff6c5 33 19 19 17 19 19 2e 19 19 17 19 19 33 19 19 17
FIXUPS: 1051e 19 2e 19 19 17 19 19 1e 19 19 17 19 17 19 fffff938 19 19
FIXUPS: 1002d 19 19 17 19 19 1e 19 19 17 19 17 1e 19 19 17 19 17 33 19
FIXUPS: 1023b 17 19 19 33 19 19 17 19 fffff5f6 17 19 19 19 17 19 17 97
FIXUPS: fa68 58 19 58 19 55 19 54 30 42 43 59 53 45 30 43 42 59 54 19 52
FIXUPS: ff98 19 fffff5df 17 19 19 35 19 19 17 19 19 30 19 19 17 19 19 35
FIXUPS: f782 19 17 19 19 30 19 19 17 19 19 1e 19 19 17 fffff92a 19 19 17
FIXUPS: f282 19 35 19 19 17 19 19 1e 19 19 17 19 17 1e 19 19 17 19 17 35
FIXUPS: f4c7 19 17 19 19 35 19 fffff2de 1b 1b 4f 1b 1b 1b d1 19 6d 19 6d
FIXUPS: eb21 6d 19 69 32 57 48 82 6d 82 6c 47 32 57 48 82 6d 82 6c 19 fffff2e3
FIXUPS: e4dd 17 17 17 19 19 33 17 17 17 19 19 2e 17 17 17 19 19 35 19 17
FIXUPS: e71f 19 17 30 19 17 17 19 17 44 fffff8ed 19 19 35 19 17 17 19 17
FIXUPS: e23a 19 17 17 19 17 33 17 17 17 19 19 33 17 17 17 19 19 33 17 17
FIXUPS: e47d 19 fffff8d7 19 12 11 9 39 17 17 17 19 19 41 23 17 17 19 17
FIXUPS: df60 23 17 17 19 17 57 17 17 17 19 19 33 17 17 fffff928 39 17 17
FIXUPS: dab6 19 19 17 11 9 39 17 17 17 19 19 12 11 9 39 17 17 17 19 19
FIXUPS: dcbc 11 9 39 17 17 17 fffff964 35 17 17 2a 14 17 19 19 41 23 17
FIXUPS: d834 19 17 41 23 17 17 19 17 17 11 9 39 17 17 17 19 19 17 11 fffff5f4
FIXUPS: d26d 28 4c 39 38 1e 2e 2a 35 32 31 13 13 33 33 1b 1b 1b 46 11 9
FIXUPS: d5d2 17 17 2a 14 17 19 19 17 11 fffff074 27 3c 9 1c 24 9 17 3d
FIXUPS: c8db 3b ad 11 74 79 13 19 37 7c 142 1b 4e 16 13 2f 57 14f 1b 4e
FIXUPS: cfc5 13 30 fffff010 25 27 14 2c 2a 14 44 3d af 3b ad 1c 1a 74 77
FIXUPS: c4e0 5a 5a 1b 42 16 2a 14 13 f 23 1f 3c 9 1a 9 fffff568 16 27 9
FIXUPS: bcf4 16 2a 14 13 9 29 1f 3c 9 25 3c 9 1c 24 9 1a 9 16 11 3f 13
FIXUPS: bf6b 13 26 13 28 13 fffff6fb 13 13 46 23 13 8b c 1b 18 25 9 2a
FIXUPS: b8c4 13 46 23 13 1d 45 db 5a 61 1b 50 2a 14 2a e 11 9 1f fffff5d3
FIXUPS: b24c 1b 3b 13 65 3b 19 19 19 19 16 16 16 16 e 26 16 1c 13 10 20
FIXUPS: b4d0 1b f 16 146 c 1b 18 25 9 fffff7ce 16 18 16 18 16 22 18 16
FIXUPS: af69 20 16 16 16 16 36 18 16 16 16 16 16 16 16 46 18 16 16 16 16
FIXUPS: b195 13 fffff9bf 18 16 16 51 18 16 16 29 18 16 16 18 16 18 16 18
FIXUPS: ad37 18 16 18 16 18 16 18 16 18 16 18 16 18 16 fffff9f3 16 29 18
FIXUPS: a8d9 16 18 16 18 16 18 16 18 16 18 16 18 16 18 16 18 16 18 16 18
FIXUPS: aabb 18 16 18 16 18 16 fffff94d 16 33 18 16 16 33 18 16 16 33 18
FIXUPS: a5f7 16 33 18 16 16 33 18 16 16 33 18 16 16 16 16 16 16 74 18 fffff89e
FIXUPS: a10a 16 16 16 1b 33 18 16 16 33 18 16 16 33 18 16 16 33 18 16 16
FIXUPS: a376 18 16 16 33 18 16 16 33 18 fffff8c8 16 32 18 16 16 32 18 16
FIXUPS: 9e46 32 18 16 16 32 18 16 16 32 18 16 16 32 18 16 16 32 18 16 16
FIXUPS: a0c6 18 fffff900 16 16 16 16 16 16 16 16 16 16 16 16 26 32 18 16
FIXUPS: 9b82 32 18 16 16 32 18 16 16 32 18 16 16 32 18 fffff8c3 16 13 e1
FIXUPS: 9711 16 16 36 18 16 16 16 16 36 18 16 16 16 16 35 18 16 16 16 16
FIXUPS: 9944 16 16 16 16 16 16 fffff7db 16 16 16 36 18 16 16 16 16 16 16
FIXUPS: 92cd 45 18 16 16 16 16 16 13 c3 36 14 2e 14 2e 30 16 30 16 25 fffff8da
FIXUPS: 8ec9 16 18 16 18 16 18 16 18 16 18 16 18 16 18 16 18 16 18 16 18
FIXUPS: 90ab 18 16 18 16 22 18 16 16 20 fffff9e8 18 16 18 16 18 16 18 16
FIXUPS: 8c45 16 18 16 18 16 18 16 18 16 18 16 18 16 29 18 16 16 52 18 16
FIXUPS: 8e72 29 fffff928 16 16 33 18 16 16 33 18 16 16 33 18 16 16 33 18
FIXUPS: 89b5 16 16 16 16 16 73 18 16 16 29 18 16 16 18 fffff8a7 16 1b 33
FIXUPS: 8482 16 16 33 18 16 16 33 18 16 16 33 18 16 16 33 18 16 16 33 18
FIXUPS: 86eb 16 33 18 16 16 33 fffff8c9 16 16 32 18 16 16 32 18 16 16 32
FIXUPS: 81d6 16 16 32 18 16 16 32 18 16 16 32 18 16 16 32 18 16 16 16 fffff91e
FIXUPS: 7d24 16 16 16 16 16 16 16 16 16 16 16 16 26 32 18 16 16 32 18 16
FIXUPS: 7f3e 32 18 16 16 32 18 16 16 32 fffff8c9 18 16 23 17 ca 16 16 16
FIXUPS: 7ace 18 16 16 16 16 36 18 16 16 16 16 36 18 16 16 16 16 16 16 16
FIXUPS: 7ce2 16 fffff7f3 10 22 1f 16 22 2d 10 22 70 9 36 2d 10 3b 25 16
FIXUPS: 774b 16 16 12 13 81 10 15 24 6 37 18 24 18 14 fffff5f3 22 1f 16
FIXUPS: 6f77 2e 10 22 70 9 36 2d 10 3b 52 8c 2e 10 22 1f 16 22 2e 10 22
FIXUPS: 7363 9 36 2d 10 3b 91 fffff4aa f 35 13 8e 16 3d 33 16 3c 26 11
FIXUPS: 6b5a 16 65 18 20 16 16 18 16 16 16 1d 16 62 2c 16 3e 84 94 2e fffff590
FIXUPS: 64c8 12 3b 45 18 19 19 31 38 2a 1b 31 1b 43 1b 43 1b 30 1b 31 1b
FIXUPS: 6822 1b 2d 1b 25 18 25 18 d 36 fffff33a 16 9 2f 10 30 1d 1f e 71
FIXUPS: 5e3f 8 2e 8 30 8 190 2b 15 275 22 2f 18 16 16 16 16 16 16 1b 1f
FIXUPS: 643e fffff588 19 9 23 10 19 9 2f 10 2d 10 19 9 18 9 18 9 18 9 23
FIXUPS: 5b71 19 9 23 10 19 9 2f 10 19 9 23 fffffae7 1c 9 1c 9 1c 9 1c 9
FIXUPS: 5803 9 18 9 18 9 18 9 2a 9 28 10 19 9 18 9 23 10 19 9 18 9 23 fffffaf6
FIXUPS: 54c5 9 23 10 19 9 2f 10 2c 10 19 9 1c 9 18 9 18 9 18 9 23 10 19
FIXUPS: 569d 23 10 19 9 2f 10 19 fffffab3 28 19 9 18 9 18 9 18 9 1f 19
FIXUPS: 52eb 1f 19 9 2b 19 9 1f 16 9 2a 19 9 18 9 23 10 19 9 23 fffffaca
FIXUPS: 4f82 9 1c 9 1c 9 1c 9 18 9 18 9 18 9 2a 24 19 9 18 9 1f 19 9 18
FIXUPS: 5150 1f 19 9 1f 19 9 fffffae0 1f 19 9 1f 19 9 1f 19 9 2a 29 19
FIXUPS: 4dea 1c 9 18 9 18 9 18 9 1f 19 9 1f 19 9 2b 19 9 1c fffffada 1e
FIXUPS: 4a5e 1c 9 1c 9 1c 9 1c 9 1c 9 18 9 18 9 18 9 2a 9 28 10 19 9 18
FIXUPS: 4c28 23 10 2d 9 18 fffffa8c 37 27 10 3a 3d 14 2b 9 1c 9 1c 9 1c
FIXUPS: 48d1 1c 9 1c 9 18 9 18 9 18 9 2a 9 24 19 9 18 9 fffff7e4 17 10
FIXUPS: 4232 20 bf 20 15 16 15 16 15 16 15 16 15 16 15 16 15 41 44 2f 37
FIXUPS: 4574 2f 37 41 44 2f 37 41 fffff59b 19 1b c 14 1c 109 23 11 15 67
FIXUPS: 3ef6 1b 2c 31 72 21 23 36 2c 26 23 3c 28 19 19 19 15 15 15 15 15
FIXUPS: 36d1 14 20 11 52 f 9 1d 2f 2f 2f 2a 3f 40 62 2e 26 43 69 31 26
FIXUPS: 3a9a 29 11 5b 4b 1a 3a 1a 37 1a 38 fffff5bc 14 32 12 20 14 14 12
FIXUPS: 32ff 14 2e 16 16 14e 16 48 18 18 18 40 18 18 16 14 1c 18 18 18
FIXUPS: 3677 18 18 14 fffff7fe 1b 1b f 18 f 1b 33 f 18 f 27 14 14 14 14
FIXUPS: 3076 1b 1d 1b 1b 1b f 18 f 26 14 16 39 d 13 16 fffff874 45 14 23
FIXUPS: 2b0a 26 26 1f 18 28 2f 22 16 40 1f 1f 1e 1f 20 23 14 49 14 2a f
FIXUPS: 2ddc f 1b 56 f 18 f fffff32b 39 9 1c 24 9 1c 17 1e 8b 12 26 17
FIXUPS: 238d 12 12 12 ae 12 58 1fb 1d 1c 17 11 11 18 22 1b 21 274 14 fffff341
FIXUPS: 1daa f 18 f 19 12 3e 14 1b 3e 23 12 18 10 23 16 27 e 5f 14 1b 37
FIXUPS: 205a 1b 6e 10 14 1c 30 3c 9 fffff7ef 20 e 36 14 1b 37 f 18 f 22
FIXUPS: 1ab8 18 f 32 14 14 14 1d 22 25 1f 17 1a 12 29 11 17 21 95 14 1b
FIXUPS: 1329 5 d 33 d 33 10 30 d 2e 5 d 33 d 33 10 30 d 1e8 1b 14 28 f
FIXUPS: 1766 1b 12 130 13 17 15 15 55
